#
# There is insufficient memory for the Java Runtime Environment to continue.
# Native memory allocation (malloc) failed to allocate 32752 bytes. Error detail: Chunk::new
# Possible reasons:
#   The system is out of physical RAM or swap space
#   This process is running with CompressedOops enabled, and the Java Heap may be blocking the growth of the native heap
# Possible solutions:
#   Reduce memory load on the system
#   Increase physical memory or swap space
#   Check if swap backing store is full
#   Decrease Java heap size (-Xmx/-Xms)
#   Decrease number of Java threads
#   Decrease Java thread stack sizes (-Xss)
#   Set larger code cache with -XX:ReservedCodeCacheSize=
#   JVM is running with Zero Based Compressed Oops mode in which the Java heap is
#     placed in the first 32GB address space. The Java Heap base address is the
#     maximum limit for the native heap growth. Please use -XX:HeapBaseMinAddress
#     to set the Java Heap base and to place the Java Heap above 32GB virtual address.
# This output file may be truncated or incomplete.
#
#  Out of Memory Error (arena.cpp:186), pid=51524, tid=13184
#
# JRE version: OpenJDK Runtime Environment Temurin-25.0.1+8 (25.0.1+8) (build 25.0.1+8-LTS)
# Java VM: OpenJDK 64-Bit Server VM Temurin-25.0.1+8 (25.0.1+8-LTS, mixed mode, sharing, tiered, compressed oops, compressed class ptrs, g1 gc, windows-amd64)
# No core dump will be written. Minidumps are not enabled by default on client versions of Windows
#

---------------  S U M M A R Y ------------

Command Line: wv.codeclip.CodeClip

Host: Intel(R) Core(TM) i5-10210U CPU @ 1.60GHz, 8 cores, 11G,  Windows 10 , 64 bit Build 19041 (10.0.19041.5915)
Time: Sun Jul 19 23:11:22 2026 GTB Daylight Time elapsed time: 0.161721 seconds (0d 0h 0m 0s)

---------------  T H R E A D  ---------------

Current thread (0x0000024affca3b30):  JavaThread "C1 CompilerThread0" daemon [_thread_in_native, id=13184, stack(0x0000006adad00000,0x0000006adae00000) (1024K)]


Current CompileTask:
C1:161  136       3       jdk.internal.classfile.impl.StackMapGenerator::processBlock (2767 bytes)

Stack: [0x0000006adad00000,0x0000006adae00000]
Native frames: (J=compiled Java code, j=interpreted, Vv=VM code, C=native code)
V  [jvm.dll+0x7a8379]  (no source info available)
V  [jvm.dll+0x7729fd]  (no source info available)
V  [jvm.dll+0x9f57b3]  (no source info available)
V  [jvm.dll+0x9f7da1]  (no source info available)
V  [jvm.dll+0x9f84a3]  (no source info available)
V  [jvm.dll+0x2fcd26]  (no source info available)
V  [jvm.dll+0x111086]  (no source info available)
V  [jvm.dll+0x1113ae]  (no source info available)
V  [jvm.dll+0x1fecf3]  (no source info available)
V  [jvm.dll+0x1fedbd]  (no source info available)
V  [jvm.dll+0x20109d]  (no source info available)
V  [jvm.dll+0x202884]  (no source info available)
V  [jvm.dll+0x1be767]  (no source info available)
V  [jvm.dll+0x1bdf5f]  (no source info available)
V  [jvm.dll+0x1be220]  (no source info available)
V  [jvm.dll+0x1bd561]  (no source info available)
V  [jvm.dll+0x1bf3ad]  (no source info available)
V  [jvm.dll+0x2cf386]  (no source info available)
V  [jvm.dll+0x2cd60a]  (no source info available)
V  [jvm.dll+0x48f64e]  (no source info available)
V  [jvm.dll+0x99630d]  (no source info available)
V  [jvm.dll+0x7a6955]  (no source info available)
C  [ucrtbase.dll+0x21bb2]  (no source info available)
C  [KERNEL32.DLL+0x17374]  (no source info available)
C  [ntdll.dll+0x4cc91]  (no source info available)

Lock stack of current Java thread (top to bottom):


---------------  P R O C E S S  ---------------

Threads class SMR info:
_java_thread_list=0x0000024a9a99e410, length=14, elements={
0x0000024af9f5fe90, 0x0000024affc8e5d0, 0x0000024affc8ed90, 0x0000024affc92400,
0x0000024affc92fd0, 0x0000024affc93b90, 0x0000024affc94750, 0x0000024affc98b00,
0x0000024affca3b30, 0x0000024affd4d560, 0x0000024affd4e580, 0x0000024a9f1c2910,
0x0000024a9ad7c5f0, 0x0000024a9f1c30d0
}

Java Threads: ( => current thread )
  0x0000024af9f5fe90 JavaThread "main"                              [_thread_blocked, id=48236, stack(0x0000006ad9e00000,0x0000006ad9f00000) (1024K)]
  0x0000024affc8e5d0 JavaThread "Reference Handler"          daemon [_thread_blocked, id=7356, stack(0x0000006ada600000,0x0000006ada700000) (1024K)]
  0x0000024affc8ed90 JavaThread "Finalizer"                  daemon [_thread_blocked, id=39372, stack(0x0000006ada700000,0x0000006ada800000) (1024K)]
  0x0000024affc92400 JavaThread "Signal Dispatcher"          daemon [_thread_blocked, id=54780, stack(0x0000006ada800000,0x0000006ada900000) (1024K)]
  0x0000024affc92fd0 JavaThread "Attach Listener"            daemon [_thread_blocked, id=10976, stack(0x0000006ada900000,0x0000006adaa00000) (1024K)]
  0x0000024affc93b90 JavaThread "Service Thread"             daemon [_thread_blocked, id=12820, stack(0x0000006adaa00000,0x0000006adab00000) (1024K)]
  0x0000024affc94750 JavaThread "Monitor Deflation Thread"   daemon [_thread_blocked, id=38176, stack(0x0000006adab00000,0x0000006adac00000) (1024K)]
  0x0000024affc98b00 JavaThread "C2 CompilerThread0"         daemon [_thread_blocked, id=54576, stack(0x0000006adac00000,0x0000006adad00000) (1024K)]
=>0x0000024affca3b30 JavaThread "C1 CompilerThread0"         daemon [_thread_in_native, id=13184, stack(0x0000006adad00000,0x0000006adae00000) (1024K)]
  0x0000024affd4d560 JavaThread "Notification Thread"        daemon [_thread_blocked, id=50524, stack(0x0000006adae00000,0x0000006adaf00000) (1024K)]
  0x0000024affd4e580 JavaThread "Common-Cleaner"             daemon [_thread_blocked, id=50628, stack(0x0000006adaf00000,0x0000006adb000000) (1024K)]
  0x0000024a9f1c2910 JavaThread "Java2D Disposer"            daemon [_thread_blocked, id=52216, stack(0x0000006adb000000,0x0000006adb100000) (1024K)]
  0x0000024a9ad7c5f0 JavaThread "AWT-Shutdown"                      [_thread_blocked, id=46840, stack(0x0000006adb100000,0x0000006adb200000) (1024K)]
  0x0000024a9f1c30d0 JavaThread "AWT-Windows"                daemon [_thread_in_native, id=47560, stack(0x0000006adb200000,0x0000006adb300000) (1024K)]
Total: 14

Other Threads:
  0x0000024affc7ef50 VMThread "VM Thread"                           [id=44208, stack(0x0000006ada500000,0x0000006ada600000) (1024K)]
  0x0000024afc37e7b0 WatcherThread "VM Periodic Task Thread"        [id=23660, stack(0x0000006ada400000,0x0000006ada500000) (1024K)]
  0x0000024afc3062a0 WorkerThread "GC Thread#0"                     [id=46408, stack(0x0000006ad9f00000,0x0000006ada000000) (1024K)]
  0x0000024afc31af30 ConcurrentGCThread "G1 Main Marker"            [id=32508, stack(0x0000006ada000000,0x0000006ada100000) (1024K)]
  0x0000024afc31d530 WorkerThread "G1 Conc#0"                       [id=48472, stack(0x0000006ada100000,0x0000006ada200000) (1024K)]
  0x0000024afc362a60 ConcurrentGCThread "G1 Refine#0"               [id=43272, stack(0x0000006ada200000,0x0000006ada300000) (1024K)]
  0x0000024afc363520 ConcurrentGCThread "G1 Service"                [id=54880, stack(0x0000006ada300000,0x0000006ada400000) (1024K)]
Total: 7

Threads with active compile tasks:
C1 CompilerThread0  190  136       3       jdk.internal.classfile.impl.StackMapGenerator::processBlock (2767 bytes)
Total: 1

VM state: not at safepoint (normal execution)

VM Mutex/Monitor currently owned by a thread: None

Heap address: 0x0000000743000000, size: 3024 MB, Compressed Oops mode: Zero based, Oop shift amount: 3

CDS archive(s) mapped at: [0x000000001f000000-0x000000001fdd0000-0x000000001fdd0000), size 14483456, SharedBaseAddress: 0x000000001f000000, ArchiveRelocationMode: 1.
Compressed class space mapped at: 0x0000000020000000-0x0000000060000000, reserved size: 1073741824
UseCompressedClassPointers 1, UseCompactObjectHeaders 0
Narrow klass pointer bits 32, Max shift 3
Narrow klass base: 0x000000001f000000, Narrow klass shift: 0
Encoding Range: [0x000000001f000000 - 0x000000011f000000), (4294967296 bytes)
Klass Range:    [0x000000001f010000 - 0x0000000060000000), (1090453504 bytes)
Klass ID Range:  [65536 - 1090519033) (1090453497)
Protection zone: [0x000000001f000000 - 0x000000001f010000), (65536 bytes)

GC Precious Log:
 CardTable entry size: 512
 Card Set container configuration: InlinePtr #cards 4 size 8 Array Of Cards #cards 16 size 48 Howl #buckets 8 coarsen threshold 3686 Howl Bitmap #cards 512 size 80 coarsen threshold 460 Card regions per heap region 1 cards per card region 4096
 CPUs: 8 total, 8 available
 Memory: 12091M
 Large Page Support: Disabled
 NUMA Support: Disabled
 Compressed Oops: Enabled (Zero based)
 Heap Region Size: 2M
 Heap Min Capacity: 8M
 Heap Initial Capacity: 190M
 Heap Max Capacity: 3024M
 Pre-touch: Disabled
 Parallel Workers: 8
 Concurrent Workers: 2
 Concurrent Refinement Workers: 8
 Periodic GC: Disabled

Heap:
 garbage-first heap   total reserved 3096576K, committed 196608K, used 3219K [0x0000000743000000, 0x0000000800000000)
  region size 2048K, 2 young (4096K), 0 survivors (0K)

Heap Regions: E=young(eden), S=young(survivor), O=old, HS=humongous(starts), HC=humongous(continues), CS=collection set, F=free, TAMS=top-at-mark-start, PB=parsable bottom
|   0|0x0000000743000000, 0x0000000743000000, 0x0000000743200000|  0%| F|  |TAMS 0x0000000743000000| PB 0x0000000743000000| Untracked |  0
|   1|0x0000000743200000, 0x0000000743200000, 0x0000000743400000|  0%| F|  |TAMS 0x0000000743200000| PB 0x0000000743200000| Untracked |  0
|   2|0x0000000743400000, 0x0000000743400000, 0x0000000743600000|  0%| F|  |TAMS 0x0000000743400000| PB 0x0000000743400000| Untracked |  0
|   3|0x0000000743600000, 0x0000000743600000, 0x0000000743800000|  0%| F|  |TAMS 0x0000000743600000| PB 0x0000000743600000| Untracked |  0
|   4|0x0000000743800000, 0x0000000743800000, 0x0000000743a00000|  0%| F|  |TAMS 0x0000000743800000| PB 0x0000000743800000| Untracked |  0
|   5|0x0000000743a00000, 0x0000000743a00000, 0x0000000743c00000|  0%| F|  |TAMS 0x0000000743a00000| PB 0x0000000743a00000| Untracked |  0
|   6|0x0000000743c00000, 0x0000000743c00000, 0x0000000743e00000|  0%| F|  |TAMS 0x0000000743c00000| PB 0x0000000743c00000| Untracked |  0
|   7|0x0000000743e00000, 0x0000000743e00000, 0x0000000744000000|  0%| F|  |TAMS 0x0000000743e00000| PB 0x0000000743e00000| Untracked |  0
|   8|0x0000000744000000, 0x0000000744000000, 0x0000000744200000|  0%| F|  |TAMS 0x0000000744000000| PB 0x0000000744000000| Untracked |  0
|   9|0x0000000744200000, 0x0000000744200000, 0x0000000744400000|  0%| F|  |TAMS 0x0000000744200000| PB 0x0000000744200000| Untracked |  0
|  10|0x0000000744400000, 0x0000000744400000, 0x0000000744600000|  0%| F|  |TAMS 0x0000000744400000| PB 0x0000000744400000| Untracked |  0
|  11|0x0000000744600000, 0x0000000744600000, 0x0000000744800000|  0%| F|  |TAMS 0x0000000744600000| PB 0x0000000744600000| Untracked |  0
|  12|0x0000000744800000, 0x0000000744800000, 0x0000000744a00000|  0%| F|  |TAMS 0x0000000744800000| PB 0x0000000744800000| Untracked |  0
|  13|0x0000000744a00000, 0x0000000744a00000, 0x0000000744c00000|  0%| F|  |TAMS 0x0000000744a00000| PB 0x0000000744a00000| Untracked |  0
|  14|0x0000000744c00000, 0x0000000744c00000, 0x0000000744e00000|  0%| F|  |TAMS 0x0000000744c00000| PB 0x0000000744c00000| Untracked |  0
|  15|0x0000000744e00000, 0x0000000744e00000, 0x0000000745000000|  0%| F|  |TAMS 0x0000000744e00000| PB 0x0000000744e00000| Untracked |  0
|  16|0x0000000745000000, 0x0000000745000000, 0x0000000745200000|  0%| F|  |TAMS 0x0000000745000000| PB 0x0000000745000000| Untracked |  0
|  17|0x0000000745200000, 0x0000000745200000, 0x0000000745400000|  0%| F|  |TAMS 0x0000000745200000| PB 0x0000000745200000| Untracked |  0
|  18|0x0000000745400000, 0x0000000745400000, 0x0000000745600000|  0%| F|  |TAMS 0x0000000745400000| PB 0x0000000745400000| Untracked |  0
|  19|0x0000000745600000, 0x0000000745600000, 0x0000000745800000|  0%| F|  |TAMS 0x0000000745600000| PB 0x0000000745600000| Untracked |  0
|  20|0x0000000745800000, 0x0000000745800000, 0x0000000745a00000|  0%| F|  |TAMS 0x0000000745800000| PB 0x0000000745800000| Untracked |  0
|  21|0x0000000745a00000, 0x0000000745a00000, 0x0000000745c00000|  0%| F|  |TAMS 0x0000000745a00000| PB 0x0000000745a00000| Untracked |  0
|  22|0x0000000745c00000, 0x0000000745c00000, 0x0000000745e00000|  0%| F|  |TAMS 0x0000000745c00000| PB 0x0000000745c00000| Untracked |  0
|  23|0x0000000745e00000, 0x0000000745e00000, 0x0000000746000000|  0%| F|  |TAMS 0x0000000745e00000| PB 0x0000000745e00000| Untracked |  0
|  24|0x0000000746000000, 0x0000000746000000, 0x0000000746200000|  0%| F|  |TAMS 0x0000000746000000| PB 0x0000000746000000| Untracked |  0
|  25|0x0000000746200000, 0x0000000746200000, 0x0000000746400000|  0%| F|  |TAMS 0x0000000746200000| PB 0x0000000746200000| Untracked |  0
|  26|0x0000000746400000, 0x0000000746400000, 0x0000000746600000|  0%| F|  |TAMS 0x0000000746400000| PB 0x0000000746400000| Untracked |  0
|  27|0x0000000746600000, 0x0000000746600000, 0x0000000746800000|  0%| F|  |TAMS 0x0000000746600000| PB 0x0000000746600000| Untracked |  0
|  28|0x0000000746800000, 0x0000000746800000, 0x0000000746a00000|  0%| F|  |TAMS 0x0000000746800000| PB 0x0000000746800000| Untracked |  0
|  29|0x0000000746a00000, 0x0000000746a00000, 0x0000000746c00000|  0%| F|  |TAMS 0x0000000746a00000| PB 0x0000000746a00000| Untracked |  0
|  30|0x0000000746c00000, 0x0000000746c00000, 0x0000000746e00000|  0%| F|  |TAMS 0x0000000746c00000| PB 0x0000000746c00000| Untracked |  0
|  31|0x0000000746e00000, 0x0000000746e00000, 0x0000000747000000|  0%| F|  |TAMS 0x0000000746e00000| PB 0x0000000746e00000| Untracked |  0
|  32|0x0000000747000000, 0x0000000747000000, 0x0000000747200000|  0%| F|  |TAMS 0x0000000747000000| PB 0x0000000747000000| Untracked |  0
|  33|0x0000000747200000, 0x0000000747200000, 0x0000000747400000|  0%| F|  |TAMS 0x0000000747200000| PB 0x0000000747200000| Untracked |  0
|  34|0x0000000747400000, 0x0000000747400000, 0x0000000747600000|  0%| F|  |TAMS 0x0000000747400000| PB 0x0000000747400000| Untracked |  0
|  35|0x0000000747600000, 0x0000000747600000, 0x0000000747800000|  0%| F|  |TAMS 0x0000000747600000| PB 0x0000000747600000| Untracked |  0
|  36|0x0000000747800000, 0x0000000747800000, 0x0000000747a00000|  0%| F|  |TAMS 0x0000000747800000| PB 0x0000000747800000| Untracked |  0
|  37|0x0000000747a00000, 0x0000000747a00000, 0x0000000747c00000|  0%| F|  |TAMS 0x0000000747a00000| PB 0x0000000747a00000| Untracked |  0
|  38|0x0000000747c00000, 0x0000000747c00000, 0x0000000747e00000|  0%| F|  |TAMS 0x0000000747c00000| PB 0x0000000747c00000| Untracked |  0
|  39|0x0000000747e00000, 0x0000000747e00000, 0x0000000748000000|  0%| F|  |TAMS 0x0000000747e00000| PB 0x0000000747e00000| Untracked |  0
|  40|0x0000000748000000, 0x0000000748000000, 0x0000000748200000|  0%| F|  |TAMS 0x0000000748000000| PB 0x0000000748000000| Untracked |  0
|  41|0x0000000748200000, 0x0000000748200000, 0x0000000748400000|  0%| F|  |TAMS 0x0000000748200000| PB 0x0000000748200000| Untracked |  0
|  42|0x0000000748400000, 0x0000000748400000, 0x0000000748600000|  0%| F|  |TAMS 0x0000000748400000| PB 0x0000000748400000| Untracked |  0
|  43|0x0000000748600000, 0x0000000748600000, 0x0000000748800000|  0%| F|  |TAMS 0x0000000748600000| PB 0x0000000748600000| Untracked |  0
|  44|0x0000000748800000, 0x0000000748800000, 0x0000000748a00000|  0%| F|  |TAMS 0x0000000748800000| PB 0x0000000748800000| Untracked |  0
|  45|0x0000000748a00000, 0x0000000748a00000, 0x0000000748c00000|  0%| F|  |TAMS 0x0000000748a00000| PB 0x0000000748a00000| Untracked |  0
|  46|0x0000000748c00000, 0x0000000748c00000, 0x0000000748e00000|  0%| F|  |TAMS 0x0000000748c00000| PB 0x0000000748c00000| Untracked |  0
|  47|0x0000000748e00000, 0x0000000748e00000, 0x0000000749000000|  0%| F|  |TAMS 0x0000000748e00000| PB 0x0000000748e00000| Untracked |  0
|  48|0x0000000749000000, 0x0000000749000000, 0x0000000749200000|  0%| F|  |TAMS 0x0000000749000000| PB 0x0000000749000000| Untracked |  0
|  49|0x0000000749200000, 0x0000000749200000, 0x0000000749400000|  0%| F|  |TAMS 0x0000000749200000| PB 0x0000000749200000| Untracked |  0
|  50|0x0000000749400000, 0x0000000749400000, 0x0000000749600000|  0%| F|  |TAMS 0x0000000749400000| PB 0x0000000749400000| Untracked |  0
|  51|0x0000000749600000, 0x0000000749600000, 0x0000000749800000|  0%| F|  |TAMS 0x0000000749600000| PB 0x0000000749600000| Untracked |  0
|  52|0x0000000749800000, 0x0000000749800000, 0x0000000749a00000|  0%| F|  |TAMS 0x0000000749800000| PB 0x0000000749800000| Untracked |  0
|  53|0x0000000749a00000, 0x0000000749a00000, 0x0000000749c00000|  0%| F|  |TAMS 0x0000000749a00000| PB 0x0000000749a00000| Untracked |  0
|  54|0x0000000749c00000, 0x0000000749c00000, 0x0000000749e00000|  0%| F|  |TAMS 0x0000000749c00000| PB 0x0000000749c00000| Untracked |  0
|  55|0x0000000749e00000, 0x0000000749e00000, 0x000000074a000000|  0%| F|  |TAMS 0x0000000749e00000| PB 0x0000000749e00000| Untracked |  0
|  56|0x000000074a000000, 0x000000074a000000, 0x000000074a200000|  0%| F|  |TAMS 0x000000074a000000| PB 0x000000074a000000| Untracked |  0
|  57|0x000000074a200000, 0x000000074a200000, 0x000000074a400000|  0%| F|  |TAMS 0x000000074a200000| PB 0x000000074a200000| Untracked |  0
|  58|0x000000074a400000, 0x000000074a400000, 0x000000074a600000|  0%| F|  |TAMS 0x000000074a400000| PB 0x000000074a400000| Untracked |  0
|  59|0x000000074a600000, 0x000000074a600000, 0x000000074a800000|  0%| F|  |TAMS 0x000000074a600000| PB 0x000000074a600000| Untracked |  0
|  60|0x000000074a800000, 0x000000074a800000, 0x000000074aa00000|  0%| F|  |TAMS 0x000000074a800000| PB 0x000000074a800000| Untracked |  0
|  61|0x000000074aa00000, 0x000000074aa00000, 0x000000074ac00000|  0%| F|  |TAMS 0x000000074aa00000| PB 0x000000074aa00000| Untracked |  0
|  62|0x000000074ac00000, 0x000000074ac00000, 0x000000074ae00000|  0%| F|  |TAMS 0x000000074ac00000| PB 0x000000074ac00000| Untracked |  0
|  63|0x000000074ae00000, 0x000000074ae00000, 0x000000074b000000|  0%| F|  |TAMS 0x000000074ae00000| PB 0x000000074ae00000| Untracked |  0
|  64|0x000000074b000000, 0x000000074b000000, 0x000000074b200000|  0%| F|  |TAMS 0x000000074b000000| PB 0x000000074b000000| Untracked |  0
|  65|0x000000074b200000, 0x000000074b200000, 0x000000074b400000|  0%| F|  |TAMS 0x000000074b200000| PB 0x000000074b200000| Untracked |  0
|  66|0x000000074b400000, 0x000000074b400000, 0x000000074b600000|  0%| F|  |TAMS 0x000000074b400000| PB 0x000000074b400000| Untracked |  0
|  67|0x000000074b600000, 0x000000074b600000, 0x000000074b800000|  0%| F|  |TAMS 0x000000074b600000| PB 0x000000074b600000| Untracked |  0
|  68|0x000000074b800000, 0x000000074b800000, 0x000000074ba00000|  0%| F|  |TAMS 0x000000074b800000| PB 0x000000074b800000| Untracked |  0
|  69|0x000000074ba00000, 0x000000074ba00000, 0x000000074bc00000|  0%| F|  |TAMS 0x000000074ba00000| PB 0x000000074ba00000| Untracked |  0
|  70|0x000000074bc00000, 0x000000074bc00000, 0x000000074be00000|  0%| F|  |TAMS 0x000000074bc00000| PB 0x000000074bc00000| Untracked |  0
|  71|0x000000074be00000, 0x000000074be00000, 0x000000074c000000|  0%| F|  |TAMS 0x000000074be00000| PB 0x000000074be00000| Untracked |  0
|  72|0x000000074c000000, 0x000000074c000000, 0x000000074c200000|  0%| F|  |TAMS 0x000000074c000000| PB 0x000000074c000000| Untracked |  0
|  73|0x000000074c200000, 0x000000074c200000, 0x000000074c400000|  0%| F|  |TAMS 0x000000074c200000| PB 0x000000074c200000| Untracked |  0
|  74|0x000000074c400000, 0x000000074c400000, 0x000000074c600000|  0%| F|  |TAMS 0x000000074c400000| PB 0x000000074c400000| Untracked |  0
|  75|0x000000074c600000, 0x000000074c600000, 0x000000074c800000|  0%| F|  |TAMS 0x000000074c600000| PB 0x000000074c600000| Untracked |  0
|  76|0x000000074c800000, 0x000000074c800000, 0x000000074ca00000|  0%| F|  |TAMS 0x000000074c800000| PB 0x000000074c800000| Untracked |  0
|  77|0x000000074ca00000, 0x000000074ca00000, 0x000000074cc00000|  0%| F|  |TAMS 0x000000074ca00000| PB 0x000000074ca00000| Untracked |  0
|  78|0x000000074cc00000, 0x000000074cc00000, 0x000000074ce00000|  0%| F|  |TAMS 0x000000074cc00000| PB 0x000000074cc00000| Untracked |  0
|  79|0x000000074ce00000, 0x000000074ce00000, 0x000000074d000000|  0%| F|  |TAMS 0x000000074ce00000| PB 0x000000074ce00000| Untracked |  0
|  80|0x000000074d000000, 0x000000074d000000, 0x000000074d200000|  0%| F|  |TAMS 0x000000074d000000| PB 0x000000074d000000| Untracked |  0
|  81|0x000000074d200000, 0x000000074d200000, 0x000000074d400000|  0%| F|  |TAMS 0x000000074d200000| PB 0x000000074d200000| Untracked |  0
|  82|0x000000074d400000, 0x000000074d400000, 0x000000074d600000|  0%| F|  |TAMS 0x000000074d400000| PB 0x000000074d400000| Untracked |  0
|  83|0x000000074d600000, 0x000000074d600000, 0x000000074d800000|  0%| F|  |TAMS 0x000000074d600000| PB 0x000000074d600000| Untracked |  0
|  84|0x000000074d800000, 0x000000074d800000, 0x000000074da00000|  0%| F|  |TAMS 0x000000074d800000| PB 0x000000074d800000| Untracked |  0
|  85|0x000000074da00000, 0x000000074da00000, 0x000000074dc00000|  0%| F|  |TAMS 0x000000074da00000| PB 0x000000074da00000| Untracked |  0
|  86|0x000000074dc00000, 0x000000074dc00000, 0x000000074de00000|  0%| F|  |TAMS 0x000000074dc00000| PB 0x000000074dc00000| Untracked |  0
|  87|0x000000074de00000, 0x000000074de00000, 0x000000074e000000|  0%| F|  |TAMS 0x000000074de00000| PB 0x000000074de00000| Untracked |  0
|  88|0x000000074e000000, 0x000000074e000000, 0x000000074e200000|  0%| F|  |TAMS 0x000000074e000000| PB 0x000000074e000000| Untracked |  0
|  89|0x000000074e200000, 0x000000074e200000, 0x000000074e400000|  0%| F|  |TAMS 0x000000074e200000| PB 0x000000074e200000| Untracked |  0
|  90|0x000000074e400000, 0x000000074e400000, 0x000000074e600000|  0%| F|  |TAMS 0x000000074e400000| PB 0x000000074e400000| Untracked |  0
|  91|0x000000074e600000, 0x000000074e600000, 0x000000074e800000|  0%| F|  |TAMS 0x000000074e600000| PB 0x000000074e600000| Untracked |  0
|  92|0x000000074e800000, 0x000000074e800000, 0x000000074ea00000|  0%| F|  |TAMS 0x000000074e800000| PB 0x000000074e800000| Untracked |  0
|  93|0x000000074ea00000, 0x000000074ec00000, 0x000000074ec00000|100%| E|  |TAMS 0x000000074ea00000| PB 0x000000074ea00000| Complete |  0
|  94|0x000000074ec00000, 0x000000074ee00000, 0x000000074ee00000|100%| E|CS|TAMS 0x000000074ec00000| PB 0x000000074ec00000| Complete |  0
|1511|0x00000007ffe00000, 0x00000007fff24ea8, 0x0000000800000000| 57%| O|  |TAMS 0x00000007ffe00000| PB 0x00000007ffe00000| Untracked |  0

Card table byte_map: [0x0000024afcca0000,0x0000024afd290000] _byte_map_base: 0x0000024af9288000

Marking Bits: (CMBitMap*) 0x0000024afc3068e0
 Bits: [0x0000024a97a30000, 0x0000024a9a970000)

Polling page: 0x0000024afba90000

Metaspace:
Metaspace        used 2733K, committed 2944K, reserved 1114112K
 class space     used 215K, committed 320K, reserved 1048576K

Usage:
  Non-class:      2.46 MB used.
      Class:    215.52 KB used.
       Both:      2.67 MB used.

Virtual space:
  Non-class space:       64.00 MB reserved,       2.56 MB (  4%) committed,  1 nodes.
      Class space:        1.00 GB reserved,     320.00 KB ( <1%) committed,  1 nodes.
             Both:        1.06 GB reserved,       2.88 MB ( <1%) committed. 

Chunk freelists:
   Non-Class:  11.86 MB
       Class:  15.72 MB
        Both:  27.58 MB

MaxMetaspaceSize: unlimited
CompressedClassSpaceSize: 1.00 GB
Initial GC threshold: 21.00 MB
Current GC threshold: 21.00 MB
CDS: on
 - commit_granule_bytes: 65536.
 - commit_granule_words: 8192.
 - virtual_space_node_default_size: 8388608.
 - enlarge_chunks_in_place: 1.
UseCompressedClassPointers 1, UseCompactObjectHeaders 0
Narrow klass pointer bits 32, Max shift 3
Narrow klass base: 0x000000001f000000, Narrow klass shift: 0
Encoding Range: [0x000000001f000000 - 0x000000011f000000), (4294967296 bytes)
Klass Range:    [0x000000001f010000 - 0x0000000060000000), (1090453504 bytes)
Klass ID Range:  [65536 - 1090519033) (1090453497)
Protection zone: [0x000000001f000000 - 0x000000001f010000), (65536 bytes)


Internal statistics:

num_allocs_failed_limit: 0.
num_arena_births: 22.
num_arena_deaths: 0.
num_vsnodes_births: 2.
num_vsnodes_deaths: 0.
num_space_committed: 46.
num_space_uncommitted: 0.
num_chunks_returned_to_freelist: 0.
num_chunks_taken_from_freelist: 32.
num_chunk_merges: 0.
num_chunk_splits: 24.
num_chunks_enlarged: 13.
num_inconsistent_stats: 0.

CodeHeap 'non-profiled nmethods': size=120064Kb used=51Kb max_used=51Kb free=120012Kb
 bounds [0x0000024a904f0000, 0x0000024a90760000, 0x0000024a97a30000]
CodeHeap 'profiled nmethods': size=120000Kb used=103Kb max_used=103Kb free=119896Kb
 bounds [0x0000024a88a30000, 0x0000024a88ca0000, 0x0000024a8ff60000]
CodeHeap 'non-nmethods': size=5696Kb used=1333Kb max_used=1333Kb free=4363Kb
 bounds [0x0000024a8ff60000, 0x0000024a901d0000, 0x0000024a904f0000]
CodeCache: size=245760Kb, used=1487Kb, max_used=1487Kb, free=244271Kb
 total_blobs=604, nmethods=145, adapters=363, full_count=0
Compilation: enabled, stopped_count=0, restarted_count=0

Compilation events (20 events):
Event: 0.137 Thread 0x0000024affca3b30 nmethod 122 0x0000024a88a46d88 code [0x0000024a88a46e80, 0x0000024a88a46fd8]
Event: 0.137 Thread 0x0000024affca3b30  123   !   3       java.nio.DirectByteBuffer::get (34 bytes)
Event: 0.137 Thread 0x0000024affca3b30 nmethod 123 0x0000024a88a47088 code [0x0000024a88a47180, 0x0000024a88a47bd0]
Event: 0.137 Thread 0x0000024affca3b30  124       3       java.nio.DirectByteBuffer::ix (10 bytes)
Event: 0.137 Thread 0x0000024affca3b30 nmethod 124 0x0000024a88a47c08 code [0x0000024a88a47d00, 0x0000024a88a47e10]
Event: 0.137 Thread 0x0000024affca3b30  125   !   3       jdk.internal.misc.ScopedMemoryAccess::getByte (16 bytes)
Event: 0.138 Thread 0x0000024affca3b30 nmethod 125 0x0000024a88a47f08 code [0x0000024a88a48000, 0x0000024a88a483d0]
Event: 0.138 Thread 0x0000024affca3b30  126   !   3       jdk.internal.misc.ScopedMemoryAccess::getByteInternal (34 bytes)
Event: 0.138 Thread 0x0000024affca3b30 nmethod 126 0x0000024a88a48408 code [0x0000024a88a48500, 0x0000024a88a48758]
Event: 0.138 Thread 0x0000024affca3b30  133       1       java.nio.Buffer::limit (5 bytes)
Event: 0.138 Thread 0x0000024affca3b30 nmethod 133 0x0000024a904fab88 code [0x0000024a904fac80, 0x0000024a904fad48]
Event: 0.138 Thread 0x0000024affca3b30  128       3       jdk.internal.misc.Unsafe::putReferenceRelease (9 bytes)
Event: 0.138 Thread 0x0000024affca3b30 nmethod 128 0x0000024a88a48788 code [0x0000024a88a48880, 0x0000024a88a489e8]
Event: 0.138 Thread 0x0000024affca3b30  129       3       java.util.concurrent.ConcurrentHashMap::setTabAt (19 bytes)
Event: 0.139 Thread 0x0000024affca3b30 nmethod 129 0x0000024a88a48a88 code [0x0000024a88a48b80, 0x0000024a88a48e08]
Event: 0.139 Thread 0x0000024affca3b30  127       3       jdk.internal.util.ArraysSupport::hashCodeOfUnsigned (55 bytes)
Event: 0.139 Thread 0x0000024affca3b30 nmethod 127 0x0000024a88a48e88 code [0x0000024a88a48f80, 0x0000024a88a491f0]
Event: 0.146 Thread 0x0000024affca3b30  135       3       jdk.internal.classfile.impl.SplitConstantPool::tryFindUtf8 (103 bytes)
Event: 0.147 Thread 0x0000024affca3b30 nmethod 135 0x0000024a88a49208 code [0x0000024a88a49300, 0x0000024a88a49ea8]
Event: 0.147 Thread 0x0000024affca3b30  136       3       jdk.internal.classfile.impl.StackMapGenerator::processBlock (2767 bytes)

GC Heap Usage History (0 events):
No events

Metaspace Usage History (0 events):
No events

Dll operation events (3 events):
Event: 0.011 Loaded shared library C:\Program Files\Apache NetBeans\jdk\bin\java.dll
Event: 0.098 Loaded shared library C:\Program Files\Apache NetBeans\jdk\bin\jimage.dll
Event: 0.108 Loaded shared library C:\Program Files\Apache NetBeans\jdk\bin\awt.dll

Deoptimization events (0 events):
No events

Classes loaded (20 events):
Event: 0.154 Loading class java/util/AbstractQueue done
Event: 0.154 Loading class java/util/concurrent/ConcurrentLinkedQueue done
Event: 0.155 Loading class java/util/concurrent/ConcurrentLinkedQueue$Node
Event: 0.155 Loading class java/util/concurrent/ConcurrentLinkedQueue$Node done
Event: 0.156 Loading class sun/java2d/pipe/OutlineTextRenderer
Event: 0.156 Loading class sun/java2d/pipe/OutlineTextRenderer done
Event: 0.156 Loading class sun/java2d/pipe/AATextRenderer
Event: 0.156 Loading class sun/java2d/pipe/GlyphListLoopPipe
Event: 0.156 Loading class sun/java2d/pipe/GlyphListPipe
Event: 0.156 Loading class sun/java2d/pipe/GlyphListPipe done
Event: 0.156 Loading class sun/java2d/pipe/GlyphListLoopPipe done
Event: 0.156 Loading class sun/java2d/pipe/AATextRenderer done
Event: 0.156 Loading class sun/font/FontUtilities
Event: 0.157 Loading class sun/font/FontUtilities done
Event: 0.157 Loading class sun/awt/OSInfo
Event: 0.157 Loading class sun/awt/OSInfo done
Event: 0.157 Loading class sun/awt/OSInfo$WindowsVersion
Event: 0.157 Loading class sun/awt/OSInfo$WindowsVersion done
Event: 0.157 Loading class jdk/internal/util/OperatingSystem
Event: 0.157 Loading class jdk/internal/util/OperatingSystem done

Classes unloaded (0 events):
No events

Classes redefined (0 events):
No events

Internal exceptions (4 events):
Event: 0.092 Thread 0x0000024af9f5fe90 Exception <a 'java/lang/ClassNotFoundException'{0x000000074ec883b8}: sun/awt/resources/spi/awtProvider> (0x000000074ec883b8) 
thrown [s\src\hotspot\share\classfile\systemDictionary.cpp, line 327]
Event: 0.115 Thread 0x0000024af9f5fe90 Exception <a 'java/io/FileNotFoundException'{0x000000074ecb54e8}> (0x000000074ecb54e8) 
thrown [s\src\hotspot\share\prims\jni.cpp, line 516]
Event: 0.119 Thread 0x0000024af9f5fe90 Exception <a 'java/io/FileNotFoundException'{0x000000074ecc7e58}> (0x000000074ecc7e58) 
thrown [s\src\hotspot\share\prims\jni.cpp, line 516]
Event: 0.158 Thread 0x0000024af9f5fe90 Exception <a 'java/lang/NoSuchMethodError'{0x000000074ece08e8}: 'java.lang.Object java.lang.invoke.DirectMethodHandle$Holder.invokeStaticInit(java.lang.Object)'> (0x000000074ece08e8) 
thrown [s\src\hotspot\share\interpreter\linkResolver.cpp, line 804]

VM Operations (0 events):
No events

Memory protections (0 events):
No events

Nmethod flushes (0 events):
No events

Events (11 events):
Event: 0.031 Thread 0x0000024af9f5fe90 Thread added: 0x0000024af9f5fe90
Event: 0.044 Thread 0x0000024af9f5fe90 Thread added: 0x0000024affc8e5d0
Event: 0.045 Thread 0x0000024af9f5fe90 Thread added: 0x0000024affc8ed90
Event: 0.045 Thread 0x0000024af9f5fe90 Thread added: 0x0000024affc92400
Event: 0.045 Thread 0x0000024af9f5fe90 Thread added: 0x0000024affc92fd0
Event: 0.045 Thread 0x0000024af9f5fe90 Thread added: 0x0000024affc93b90
Event: 0.045 Thread 0x0000024af9f5fe90 Thread added: 0x0000024affc94750
Event: 0.045 Thread 0x0000024af9f5fe90 Thread added: 0x0000024affc98b00
Event: 0.045 Thread 0x0000024af9f5fe90 Thread added: 0x0000024affca3b30
Event: 0.050 Thread 0x0000024af9f5fe90 Thread added: 0x0000024affd4d560
Event: 0.053 Thread 0x0000024af9f5fe90 Thread added: 0x0000024affd4e580


Dynamic libraries:
0x00007ff61ef00000 - 0x00007ff61ef0e000 	C:\Program Files\Apache NetBeans\jdk\bin\java.exe
0x00007ffcc6130000 - 0x00007ffcc6328000 	C:\WINDOWS\SYSTEM32\ntdll.dll
0x00007ffcc4b40000 - 0x00007ffcc4c02000 	C:\WINDOWS\System32\KERNEL32.DLL
0x00007ffcc3950000 - 0x00007ffcc3c46000 	C:\WINDOWS\System32\KERNELBASE.dll
0x00007ffcc3850000 - 0x00007ffcc3950000 	C:\WINDOWS\System32\ucrtbase.dll
0x00007ffcc0a40000 - 0x00007ffcc0a5e000 	C:\Program Files\Apache NetBeans\jdk\bin\VCRUNTIME140.dll
0x00007ffcbe770000 - 0x00007ffcbe786000 	C:\Program Files\Apache NetBeans\jdk\bin\jli.dll
0x00007ffcc5f50000 - 0x00007ffcc60ed000 	C:\WINDOWS\System32\USER32.dll
0x00007ffca7e90000 - 0x00007ffca812a000 	C:\WINDOWS\WinSxS\amd64_microsoft.windows.common-controls_6595b64144ccf1df_6.0.19041.5915_none_60b4b9d171f9c7c7\COMCTL32.dll
0x00007ffcc3d20000 - 0x00007ffcc3d42000 	C:\WINDOWS\System32\win32u.dll
0x00007ffcc4150000 - 0x00007ffcc41ee000 	C:\WINDOWS\System32\msvcrt.dll
0x00007ffcc5de0000 - 0x00007ffcc5e0b000 	C:\WINDOWS\System32\GDI32.dll
0x00007ffcc3f60000 - 0x00007ffcc4079000 	C:\WINDOWS\System32\gdi32full.dll
0x00007ffcc4080000 - 0x00007ffcc411d000 	C:\WINDOWS\System32\msvcp_win.dll
0x00007ffcc4370000 - 0x00007ffcc439f000 	C:\WINDOWS\System32\IMM32.DLL
0x00007ffcc0a30000 - 0x00007ffcc0a3c000 	C:\Program Files\Apache NetBeans\jdk\bin\vcruntime140_1.dll
0x00007ffc861e0000 - 0x00007ffc8626d000 	C:\Program Files\Apache NetBeans\jdk\bin\msvcp140.dll
0x00007ffc68c10000 - 0x00007ffc69b36000 	C:\Program Files\Apache NetBeans\jdk\bin\server\jvm.dll
0x00007ffcc5e80000 - 0x00007ffcc5f31000 	C:\WINDOWS\System32\ADVAPI32.dll
0x00007ffcc57f0000 - 0x00007ffcc588f000 	C:\WINDOWS\System32\sechost.dll
0x00007ffcc4870000 - 0x00007ffcc4993000 	C:\WINDOWS\System32\RPCRT4.dll
0x00007ffcc4120000 - 0x00007ffcc4147000 	C:\WINDOWS\System32\bcrypt.dll
0x00007ffcc5e10000 - 0x00007ffcc5e7b000 	C:\WINDOWS\System32\WS2_32.dll
0x00007ffcc2d50000 - 0x00007ffcc2d9b000 	C:\WINDOWS\SYSTEM32\POWRPROF.dll
0x00007ffcaf080000 - 0x00007ffcaf0a7000 	C:\WINDOWS\SYSTEM32\WINMM.dll
0x00007ffcbe900000 - 0x00007ffcbe90a000 	C:\WINDOWS\SYSTEM32\VERSION.dll
0x00007ffcc2bc0000 - 0x00007ffcc2bd2000 	C:\WINDOWS\SYSTEM32\UMPDC.dll
0x00007ffcc1fe0000 - 0x00007ffcc1ff2000 	C:\WINDOWS\SYSTEM32\kernel.appcore.dll
0x00007ffcbf3c0000 - 0x00007ffcbf3ca000 	C:\Program Files\Apache NetBeans\jdk\bin\jimage.dll
0x00007ffcc13d0000 - 0x00007ffcc15d1000 	C:\WINDOWS\SYSTEM32\DBGHELP.DLL
0x00007ffca68e0000 - 0x00007ffca6914000 	C:\WINDOWS\SYSTEM32\dbgcore.DLL
0x00007ffcc37c0000 - 0x00007ffcc3842000 	C:\WINDOWS\System32\bcryptPrimitives.dll
0x00007ffcbeaa0000 - 0x00007ffcbeabe000 	C:\Program Files\Apache NetBeans\jdk\bin\java.dll
0x00007ffcc4a10000 - 0x00007ffcc4b3b000 	C:\WINDOWS\System32\ole32.dll
0x00007ffcc5a80000 - 0x00007ffcc5dd3000 	C:\WINDOWS\System32\combase.dll
0x00007ffcc5080000 - 0x00007ffcc57ee000 	C:\WINDOWS\System32\SHELL32.dll
0x00007ffcc1820000 - 0x00007ffcc1fc4000 	C:\WINDOWS\SYSTEM32\windows.storage.dll
0x00007ffcc31f0000 - 0x00007ffcc321b000 	C:\WINDOWS\SYSTEM32\Wldp.dll
0x00007ffcc59a0000 - 0x00007ffcc5a6d000 	C:\WINDOWS\System32\OLEAUT32.dll
0x00007ffcc47a0000 - 0x00007ffcc484d000 	C:\WINDOWS\System32\SHCORE.dll
0x00007ffcc4480000 - 0x00007ffcc44db000 	C:\WINDOWS\System32\shlwapi.dll
0x00007ffcc36f0000 - 0x00007ffcc3715000 	C:\WINDOWS\SYSTEM32\profapi.dll
0x00007ffc6a740000 - 0x00007ffc6a8c0000 	C:\Program Files\Apache NetBeans\jdk\bin\awt.dll
0x00007ffcbe830000 - 0x00007ffcbe8c4000 	C:\WINDOWS\SYSTEM32\apphelp.dll
0x00007ffcc0cd0000 - 0x00007ffcc0d6e000 	C:\WINDOWS\system32\uxtheme.dll

JVMTI agents: none

dbghelp: loaded successfully - version: 4.0.5 - missing functions: none
symbol engine: initialized successfully - sym options: 0x614 - pdb path: .;C:\Program Files\Apache NetBeans\jdk\bin;C:\WINDOWS\SYSTEM32;C:\WINDOWS\WinSxS\amd64_microsoft.windows.common-controls_6595b64144ccf1df_6.0.19041.5915_none_60b4b9d171f9c7c7;C:\Program Files\Apache NetBeans\jdk\bin\server

VM Arguments:
java_command: wv.codeclip.CodeClip
java_class_path (initial): C:\Users\SC\Documents\NetBeansProjects\CodeClip\target\classes
Launcher Type: SUN_STANDARD

[Global flags]
     intx CICompilerCount                          = 4                                         {product} {ergonomic}
     uint ConcGCThreads                            = 2                                         {product} {ergonomic}
     uint G1ConcRefinementThreads                  = 8                                         {product} {ergonomic}
   size_t G1HeapRegionSize                         = 2097152                                   {product} {ergonomic}
   size_t InitialHeapSize                          = 199229440                                 {product} {ergonomic}
   size_t MarkStackSize                            = 4194304                                   {product} {ergonomic}
   size_t MarkStackSizeMax                         = 536870912                                 {product} {ergonomic}
   size_t MaxHeapSize                              = 3170893824                                {product} {ergonomic}
   size_t MaxNewSize                               = 1902116864                                {product} {ergonomic}
   size_t MinHeapDeltaBytes                        = 2097152                                   {product} {ergonomic}
   size_t MinHeapSize                              = 8388608                                   {product} {ergonomic}
    uintx NonNMethodCodeHeapSize                   = 5832704                                {pd product} {ergonomic}
    uintx NonProfiledCodeHeapSize                  = 122945536                              {pd product} {ergonomic}
    uintx ProfiledCodeHeapSize                     = 122880000                              {pd product} {ergonomic}
    uintx ReservedCodeCacheSize                    = 251658240                              {pd product} {ergonomic}
     bool SegmentedCodeCache                       = true                                      {product} {ergonomic}
   size_t SoftMaxHeapSize                          = 3170893824                             {manageable} {ergonomic}
     bool UseCompressedOops                        = true                           {product lp64_product} {ergonomic}
     bool UseG1GC                                  = true                                      {product} {ergonomic}
     bool UseLargePagesIndividualAllocation        = false                                  {pd product} {ergonomic}

Logging:
Log output configuration:
 #0: stdout all=warning uptime,level,tags foldmultilines=false
 #1: stderr all=off uptime,level,tags foldmultilines=false

Release file:
IMPLEMENTOR="Eclipse Adoptium" 
IMPLEMENTOR_VERSION="Temurin-25.0.1+8" 
JAVA_RUNTIME_VERSION="25.0.1+8-LTS" 
JAVA_VERSION="25.0.1" 
JAVA_VERSION_DATE="2025-10-21" 
LIBC="default" 
MODULES="java.base java.compiler java.datatransfer java.xml java.prefs java.desktop java.instrument java.logging java.management java.security.sasl java.naming java.rmi java.management.rmi java.net.http java.scripting java.security.jgss java.transaction.xa java.sql java.sql.rowset java.xml.crypto java.se java.smartcardio jdk.accessibility jdk.internal.jvmstat jdk.attach jdk.charsets jdk.internal.opt jdk.zipfs jdk.compiler jdk.crypto.cryptoki jdk.crypto.ec jdk.crypto.mscapi jdk.dynalink jdk.internal.ed jdk.editpad jdk.internal.vm.ci jdk.graal.compiler jdk.graal.compiler.management jdk.hotspot.agent jdk.httpserver jdk.incubator.vector jdk.internal.le jdk.internal.md jdk.jartool jdk.javadoc jdk.jcmd jdk.management jdk.management.agent jdk.jconsole jdk.jdeps jdk.jdwp.agent jdk.jdi jdk.jfr jdk.jlink jdk.jpackage jdk.jshell jdk.jsobject jdk.jstatd jdk.localedata jdk.management.jfr jdk.naming.dns jdk.naming.rmi jdk.net jdk.nio.mapmode jdk.sctp jdk.security.auth jdk.security.jgss jdk.unsupported jdk.unsupported.desktop jdk.xml.dom" 
OS_ARCH="x86_64" 
OS_NAME="Windows" 
SOURCE=".:git:61d6a2c1b35e" 
BUILD_SOURCE="git:839fa0b45d809157cffd3dc8515aad262a4a1776"
BUILD_SOURCE_REPO="https://github.com/adoptium/temurin-build.git"
SOURCE_REPO="https://github.com/adoptium/jdk25u.git"
FULL_VERSION="25.0.1+8-LTS"
SEMANTIC_VERSION="25.0.1+8"
BUILD_INFO="OS: Windows Server 2022 Version: 10.0"
JVM_VARIANT="Hotspot"
JVM_VERSION="25.0.1+8-LTS"
IMAGE_TYPE="JDK"

Environment Variables:
JAVA_HOME=C:\Program Files\Apache NetBeans\jdk
PATH=C:\Program Files (x86)\Common Files\Oracle\Java\java8path;C:\Program Files (x86)\Common Files\Oracle\Java\javapath;C:\WINDOWS\system32;C:\WINDOWS;C:\WINDOWS\System32\Wbem;C:\WINDOWS\System32\WindowsPowerShell\v1.0\;C:\WINDOWS\System32\OpenSSH\;C:\Program Files\dotnet\;C:\Program Files\NVIDIA Corporation\NVIDIA App\NvDLISR;C:\Program Files (x86)\NVIDIA Corporation\PhysX\Common;C:\Users\SC\AppData\Local\Programs\Python\Launcher\;C:\Users\SC\AppData\Local\Microsoft\WindowsApps;
USERNAME=SC
OS=Windows_NT
PROCESSOR_IDENTIFIER=Intel64 Family 6 Model 142 Stepping 12, GenuineIntel
TMP=C:\Users\SC\AppData\Local\Temp
TEMP=C:\Users\SC\AppData\Local\Temp




Compilation memory statistics disabled.

Periodic native trim disabled

---------------  S Y S T E M  ---------------

OS:
 Windows 10 , 64 bit Build 19041 (10.0.19041.5915)
OS uptime: 63 days 10:57 hours

CPU: total 8 (initial active 8) (4 cores per cpu, 2 threads per core) family 6 model 142 stepping 12 microcode 0xde, cx8, cmov, fxsr, ht, mmx, 3dnowpref, sse, sse2, sse3, ssse3, sse4.1, sse4.2, popcnt, lzcnt, tsc, tscinvbit, avx, avx2, aes, erms, clmul, bmi1, bmi2, adx, fma, vzeroupper, clflush, clflushopt, rdtscp, f16c
Processor Information for the first 8 processors :
  Max Mhz: 2112, Current Mhz: 1609, Mhz Limit: 1605

Memory: 4k page, system-wide physical 12091M (3412M free)
TotalPageFile size 33808M (AvailPageFile size 3M)
current process WorkingSet (physical memory assigned to process): 47M, peak: 47M
current process commit charge ("private bytes"): 282M, peak: 282M

vm_info: OpenJDK 64-Bit Server VM (25.0.1+8-LTS) for windows-amd64 JRE (25.0.1+8-LTS), built on 2025-10-21T00:00:00Z with unknown MS VC++:1942

END.
