#
# There is insufficient memory for the Java Runtime Environment to continue.
# Native memory allocation (malloc) failed to allocate 1180016 bytes. Error detail: Chunk::new
# Possible reasons:
#   The system is out of physical RAM or swap space
#   This process is running with CompressedOops enabled, and the Java Heap may be blocking the growth of the native heap
# Possible solutions:
#   Reduce memory load on the system
#   Increase physical memory or swap space
#   Check if swap backing store is full
#   Decrease Java heap size (-Xmx/-Xms)
#   Decrease number of Java threads
#   Decrease Java thread stack sizes (-Xss)
#   Set larger code cache with -XX:ReservedCodeCacheSize=
#   JVM is running with Zero Based Compressed Oops mode in which the Java heap is
#     placed in the first 32GB address space. The Java Heap base address is the
#     maximum limit for the native heap growth. Please use -XX:HeapBaseMinAddress
#     to set the Java Heap base and to place the Java Heap above 32GB virtual address.
# This output file may be truncated or incomplete.
#
#  Out of Memory Error (arena.cpp:186), pid=42908, tid=28872
#
# JRE version: OpenJDK Runtime Environment Temurin-25.0.1+8 (25.0.1+8) (build 25.0.1+8-LTS)
# Java VM: OpenJDK 64-Bit Server VM Temurin-25.0.1+8 (25.0.1+8-LTS, mixed mode, sharing, tiered, compressed oops, compressed class ptrs, g1 gc, windows-amd64)
# No core dump will be written. Minidumps are not enabled by default on client versions of Windows
#

---------------  S U M M A R Y ------------

Command Line: wv.codeclip.CodeClip

Host: Intel(R) Core(TM) i5-10210U CPU @ 1.60GHz, 8 cores, 11G,  Windows 10 , 64 bit Build 19041 (10.0.19041.5915)
Time: Sun Jul 19 21:39:24 2026 GTB Daylight Time elapsed time: 43341.655342 seconds (0d 12h 2m 21s)

---------------  T H R E A D  ---------------

Current thread (0x00000208f47df140):  JavaThread "C2 CompilerThread0" daemon [_thread_in_native, id=28872, stack(0x000000832ee00000,0x000000832ef00000) (1024K)]


Current CompileTask:
C2:43341655 12122   !   4       javax.swing.JComponent::paintChildren (684 bytes)

Stack: [0x000000832ee00000,0x000000832ef00000]
Native frames: (J=compiled Java code, j=interpreted, Vv=VM code, C=native code)
V  [jvm.dll+0x7a8379]  (no source info available)
V  [jvm.dll+0x7729fd]  (no source info available)
V  [jvm.dll+0x9f57b3]  (no source info available)
V  [jvm.dll+0x9f7da1]  (no source info available)
V  [jvm.dll+0x9f84a3]  (no source info available)
V  [jvm.dll+0x2fcd26]  (no source info available)
V  [jvm.dll+0x111086]  (no source info available)
V  [jvm.dll+0x1113ae]  (no source info available)
V  [jvm.dll+0x453177]  (no source info available)
V  [jvm.dll+0x421e12]  (no source info available)
V  [jvm.dll+0x42122a]  (no source info available)
V  [jvm.dll+0x2c0109]  (no source info available)
V  [jvm.dll+0x2bf2ef]  (no source info available)
V  [jvm.dll+0x237300]  (no source info available)
V  [jvm.dll+0x2cf386]  (no source info available)
V  [jvm.dll+0x2cd60a]  (no source info available)
V  [jvm.dll+0x48f64e]  (no source info available)
V  [jvm.dll+0x99630d]  (no source info available)
V  [jvm.dll+0x7a6955]  (no source info available)
C  [ucrtbase.dll+0x21bb2]  (no source info available)
C  [KERNEL32.DLL+0x17374]  (no source info available)
C  [ntdll.dll+0x4cc91]  (no source info available)

Lock stack of current Java thread (top to bottom):


---------------  P R O C E S S  ---------------

Threads class SMR info:
_java_thread_list=0x00000208fabc5620, length=26, elements={
0x00000208f47cfe90, 0x00000208f47d08f0, 0x00000208f47d1f70, 0x00000208f47d3b40,
0x00000208f47d4a50, 0x00000208f47d5610, 0x00000208f47df140, 0x00000208f47ebde0,
0x00000208f4895b10, 0x00000208f4897ba0, 0x00000208f932dea0, 0x00000208f936aeb0,
0x00000208f936c680, 0x00000208f4c38d80, 0x00000208d40ec6a0, 0x00000208f9486780,
0x00000208f95f3d00, 0x00000208f95f7790, 0x00000208f9601f70, 0x00000208f95ffd70,
0x00000208f95fce90, 0x00000208f95fbef0, 0x00000208f95fb720, 0x00000208f95fe600,
0x00000208f95ff5a0, 0x00000208f9600540
}

Java Threads: ( => current thread )
  0x00000208f47cfe90 JavaThread "Reference Handler"          daemon [_thread_blocked, id=40996, stack(0x000000832e800000,0x000000832e900000) (1024K)]
  0x00000208f47d08f0 JavaThread "Finalizer"                  daemon [_thread_blocked, id=52396, stack(0x000000832e900000,0x000000832ea00000) (1024K)]
  0x00000208f47d1f70 JavaThread "Signal Dispatcher"          daemon [_thread_blocked, id=17716, stack(0x000000832ea00000,0x000000832eb00000) (1024K)]
  0x00000208f47d3b40 JavaThread "Attach Listener"            daemon [_thread_blocked, id=41204, stack(0x000000832eb00000,0x000000832ec00000) (1024K)]
  0x00000208f47d4a50 JavaThread "Service Thread"             daemon [_thread_blocked, id=49996, stack(0x000000832ec00000,0x000000832ed00000) (1024K)]
  0x00000208f47d5610 JavaThread "Monitor Deflation Thread"   daemon [_thread_blocked, id=53756, stack(0x000000832ed00000,0x000000832ee00000) (1024K)]
=>0x00000208f47df140 JavaThread "C2 CompilerThread0"         daemon [_thread_in_native, id=28872, stack(0x000000832ee00000,0x000000832ef00000) (1024K)]
  0x00000208f47ebde0 JavaThread "C1 CompilerThread0"         daemon [_thread_blocked, id=38036, stack(0x000000832ef00000,0x000000832f000000) (1024K)]
  0x00000208f4895b10 JavaThread "Notification Thread"        daemon [_thread_blocked, id=30112, stack(0x000000832f000000,0x000000832f100000) (1024K)]
  0x00000208f4897ba0 JavaThread "Common-Cleaner"             daemon [_thread_blocked, id=36616, stack(0x000000832f100000,0x000000832f200000) (1024K)]
  0x00000208f932dea0 JavaThread "Java2D Disposer"            daemon [_thread_blocked, id=30336, stack(0x000000832f200000,0x000000832f300000) (1024K)]
  0x00000208f936aeb0 JavaThread "AWT-Shutdown"                      [_thread_blocked, id=31124, stack(0x000000832f300000,0x000000832f400000) (1024K)]
  0x00000208f936c680 JavaThread "AWT-Windows"                daemon [_thread_in_native, id=53980, stack(0x000000832f400000,0x000000832f500000) (1024K)]
  0x00000208f4c38d80 JavaThread "AWT-EventQueue-0"                  [_thread_blocked, id=53724, stack(0x000000832f500000,0x000000832f600000) (1024K)]
  0x00000208d40ec6a0 JavaThread "DestroyJavaVM"                     [_thread_blocked, id=6892, stack(0x000000832e000000,0x000000832e100000) (1024K)]
  0x00000208f9486780 JavaThread "TimerQueue"                 daemon [_thread_blocked, id=33040, stack(0x000000832f600000,0x000000832f700000) (1024K)]
  0x00000208f95f3d00 JavaThread "SwingWorker-pool-1-thread-1" daemon [_thread_blocked, id=15196, stack(0x000000832fa00000,0x000000832fb00000) (1024K)]
  0x00000208f95f7790 JavaThread "SwingWorker-pool-1-thread-2" daemon [_thread_blocked, id=54944, stack(0x000000832fb00000,0x000000832fc00000) (1024K)]
  0x00000208f9601f70 JavaThread "SwingWorker-pool-1-thread-3" daemon [_thread_blocked, id=9324, stack(0x000000832fc00000,0x000000832fd00000) (1024K)]
  0x00000208f95ffd70 JavaThread "SwingWorker-pool-1-thread-4" daemon [_thread_blocked, id=13048, stack(0x000000832fd00000,0x000000832fe00000) (1024K)]
  0x00000208f95fce90 JavaThread "SwingWorker-pool-1-thread-5" daemon [_thread_blocked, id=50772, stack(0x000000832fe00000,0x000000832ff00000) (1024K)]
  0x00000208f95fbef0 JavaThread "SwingWorker-pool-1-thread-6" daemon [_thread_blocked, id=38084, stack(0x000000832ff00000,0x0000008330000000) (1024K)]
  0x00000208f95fb720 JavaThread "SwingWorker-pool-1-thread-7" daemon [_thread_blocked, id=36416, stack(0x0000008330000000,0x0000008330100000) (1024K)]
  0x00000208f95fe600 JavaThread "SwingWorker-pool-1-thread-8" daemon [_thread_blocked, id=35336, stack(0x0000008330100000,0x0000008330200000) (1024K)]
  0x00000208f95ff5a0 JavaThread "SwingWorker-pool-1-thread-9" daemon [_thread_blocked, id=47020, stack(0x0000008330200000,0x0000008330300000) (1024K)]
  0x00000208f9600540 JavaThread "SwingWorker-pool-1-thread-10" daemon [_thread_blocked, id=13088, stack(0x0000008330300000,0x0000008330400000) (1024K)]
Total: 26

Other Threads:
  0x00000208f47bc4e0 VMThread "VM Thread"                           [id=50648, stack(0x000000832e700000,0x000000832e800000) (1024K)]
  0x00000208d657e650 WatcherThread "VM Periodic Task Thread"        [id=47396, stack(0x000000832e600000,0x000000832e700000) (1024K)]
  0x00000208d6506520 WorkerThread "GC Thread#0"                     [id=18888, stack(0x000000832e100000,0x000000832e200000) (1024K)]
  0x00000208fbb10fe0 WorkerThread "GC Thread#1"                     [id=28364, stack(0x0000008330400000,0x0000008330500000) (1024K)]
  0x00000208f95215a0 WorkerThread "GC Thread#2"                     [id=51160, stack(0x0000008330500000,0x0000008330600000) (1024K)]
  0x00000208f95219d0 WorkerThread "GC Thread#3"                     [id=52548, stack(0x0000008330600000,0x0000008330700000) (1024K)]
  0x00000208f9284c30 WorkerThread "GC Thread#4"                     [id=54044, stack(0x0000008330700000,0x0000008330800000) (1024K)]
  0x00000208f9285080 WorkerThread "GC Thread#5"                     [id=41596, stack(0x0000008330800000,0x0000008330900000) (1024K)]
  0x00000208f9285920 WorkerThread "GC Thread#6"                     [id=42964, stack(0x0000008330900000,0x0000008330a00000) (1024K)]
  0x00000208f9286610 WorkerThread "GC Thread#7"                     [id=39004, stack(0x000000832f700000,0x000000832f800000) (1024K)]
  0x00000208d6519170 ConcurrentGCThread "G1 Main Marker"            [id=51612, stack(0x000000832e200000,0x000000832e300000) (1024K)]
  0x00000208d651bea0 WorkerThread "G1 Conc#0"                       [id=45396, stack(0x000000832e300000,0x000000832e400000) (1024K)]
  0x00000208f9287300 WorkerThread "G1 Conc#1"                       [id=54924, stack(0x000000832de00000,0x000000832df00000) (1024K)]
  0x00000208d6567940 ConcurrentGCThread "G1 Refine#0"               [id=44088, stack(0x000000832e400000,0x000000832e500000) (1024K)]
  0x00000208d6569560 ConcurrentGCThread "G1 Service"                [id=38164, stack(0x000000832e500000,0x000000832e600000) (1024K)]
Total: 15

Threads with active compile tasks:
C2 CompilerThread0  43341784 12122   !   4       javax.swing.JComponent::paintChildren (684 bytes)
Total: 1

VM state: not at safepoint (normal execution)

VM Mutex/Monitor currently owned by a thread: None

Heap address: 0x0000000743000000, size: 3024 MB, Compressed Oops mode: Zero based, Oop shift amount: 3

CDS archive(s) mapped at: [0x000000002c000000-0x000000002cdd0000-0x000000002cdd0000), size 14483456, SharedBaseAddress: 0x000000002c000000, ArchiveRelocationMode: 1.
Compressed class space mapped at: 0x000000002d000000-0x000000006d000000, reserved size: 1073741824
UseCompressedClassPointers 1, UseCompactObjectHeaders 0
Narrow klass pointer bits 32, Max shift 3
Narrow klass base: 0x000000002c000000, Narrow klass shift: 0
Encoding Range: [0x000000002c000000 - 0x000000012c000000), (4294967296 bytes)
Klass Range:    [0x000000002c010000 - 0x000000006d000000), (1090453504 bytes)
Klass ID Range:  [65536 - 1090519033) (1090453497)
Protection zone: [0x000000002c000000 - 0x000000002c010000), (65536 bytes)

GC Precious Log:
 CardTable entry size: 512
 Card Set container configuration: InlinePtr #cards 4 size 8 Array Of Cards #cards 16 size 48 Howl #buckets 8 coarsen threshold 3686 Howl Bitmap #cards 512 size 80 coarsen threshold 460 Card regions per heap region 1 cards per card region 4096
 CPUs: 8 total, 8 available
 Memory: 12091M
 Large Page Support: Disabled
 NUMA Support: Disabled
 Compressed Oops: Enabled (Zero based)
 Heap Region Size: 2M
 Heap Min Capacity: 8M
 Heap Initial Capacity: 190M
 Heap Max Capacity: 3024M
 Pre-touch: Disabled
 Parallel Workers: 8
 Concurrent Workers: 2
 Concurrent Refinement Workers: 8
 Periodic GC: Disabled

Heap:
 garbage-first heap   total reserved 3096576K, committed 301056K, used 221184K [0x0000000743000000, 0x0000000800000000)
  region size 2048K, 69 young (141312K), 4 survivors (8192K)

Heap Regions: E=young(eden), S=young(survivor), O=old, HS=humongous(starts), HC=humongous(continues), CS=collection set, F=free, TAMS=top-at-mark-start, PB=parsable bottom
|   0|0x0000000743000000, 0x0000000743000000, 0x0000000743200000|  0%| F|  |TAMS 0x0000000743000000| PB 0x0000000743000000| Untracked |  0
|   1|0x0000000743200000, 0x0000000743400000, 0x0000000743400000|100%| O|  |TAMS 0x0000000743200000| PB 0x0000000743200000| Untracked |  0
|   2|0x0000000743400000, 0x0000000743600000, 0x0000000743600000|100%| O|  |TAMS 0x0000000743400000| PB 0x0000000743400000| Untracked |  0
|   3|0x0000000743600000, 0x0000000743800000, 0x0000000743800000|100%| O|  |TAMS 0x0000000743600000| PB 0x0000000743600000| Untracked |  0
|   4|0x0000000743800000, 0x0000000743a00000, 0x0000000743a00000|100%| O|  |TAMS 0x0000000743800000| PB 0x0000000743800000| Untracked |  0
|   5|0x0000000743a00000, 0x0000000743c00000, 0x0000000743c00000|100%|HS|  |TAMS 0x0000000743a00000| PB 0x0000000743a00000| Untracked |  0
|   6|0x0000000743c00000, 0x0000000743e00000, 0x0000000743e00000|100%|HC|  |TAMS 0x0000000743c00000| PB 0x0000000743c00000| Untracked |  0
|   7|0x0000000743e00000, 0x0000000744000000, 0x0000000744000000|100%| O|  |TAMS 0x0000000743e00000| PB 0x0000000743e00000| Untracked |  0
|   8|0x0000000744000000, 0x0000000744200000, 0x0000000744200000|100%| O|  |TAMS 0x0000000744000000| PB 0x0000000744000000| Untracked |  0
|   9|0x0000000744200000, 0x0000000744400000, 0x0000000744400000|100%| O|  |TAMS 0x0000000744200000| PB 0x0000000744200000| Untracked |  0
|  10|0x0000000744400000, 0x0000000744400000, 0x0000000744600000|  0%| F|  |TAMS 0x0000000744400000| PB 0x0000000744400000| Untracked |  0
|  11|0x0000000744600000, 0x0000000744800000, 0x0000000744800000|100%| O|  |TAMS 0x0000000744600000| PB 0x0000000744600000| Untracked |  0
|  12|0x0000000744800000, 0x0000000744a00000, 0x0000000744a00000|100%| O|  |TAMS 0x0000000744800000| PB 0x0000000744800000| Untracked |  0
|  13|0x0000000744a00000, 0x0000000744c00000, 0x0000000744c00000|100%|HS|  |TAMS 0x0000000744a00000| PB 0x0000000744a00000| Complete |  0
|  14|0x0000000744c00000, 0x0000000744e00000, 0x0000000744e00000|100%|HC|  |TAMS 0x0000000744c00000| PB 0x0000000744c00000| Complete |  0
|  15|0x0000000744e00000, 0x0000000745000000, 0x0000000745000000|100%| O|  |TAMS 0x0000000744e00000| PB 0x0000000744e00000| Untracked |  0
|  16|0x0000000745000000, 0x0000000745000000, 0x0000000745200000|  0%| F|  |TAMS 0x0000000745000000| PB 0x0000000745000000| Untracked |  0
|  17|0x0000000745200000, 0x0000000745400000, 0x0000000745400000|100%| O|  |TAMS 0x0000000745200000| PB 0x0000000745200000| Untracked |  0
|  18|0x0000000745400000, 0x0000000745600000, 0x0000000745600000|100%| O|  |TAMS 0x0000000745400000| PB 0x0000000745400000| Untracked |  0
|  19|0x0000000745600000, 0x0000000745800000, 0x0000000745800000|100%| O|  |TAMS 0x0000000745600000| PB 0x0000000745600000| Untracked |  0
|  20|0x0000000745800000, 0x0000000745a00000, 0x0000000745a00000|100%| O|  |TAMS 0x0000000745800000| PB 0x0000000745800000| Untracked |  0
|  21|0x0000000745a00000, 0x0000000745a00000, 0x0000000745c00000|  0%| F|  |TAMS 0x0000000745a00000| PB 0x0000000745a00000| Untracked |  0
|  22|0x0000000745c00000, 0x0000000745e00000, 0x0000000745e00000|100%| O|  |TAMS 0x0000000745c00000| PB 0x0000000745c00000| Untracked |  0
|  23|0x0000000745e00000, 0x0000000746000000, 0x0000000746000000|100%| O|  |TAMS 0x0000000745e00000| PB 0x0000000745e00000| Untracked |  0
|  24|0x0000000746000000, 0x0000000746200000, 0x0000000746200000|100%| O|  |TAMS 0x0000000746000000| PB 0x0000000746000000| Untracked |  0
|  25|0x0000000746200000, 0x0000000746400000, 0x0000000746400000|100%| O|  |TAMS 0x0000000746200000| PB 0x0000000746200000| Untracked |  0
|  26|0x0000000746400000, 0x0000000746400000, 0x0000000746600000|  0%| F|  |TAMS 0x0000000746400000| PB 0x0000000746400000| Untracked |  0
|  27|0x0000000746600000, 0x0000000746800000, 0x0000000746800000|100%| O|  |TAMS 0x0000000746600000| PB 0x0000000746600000| Untracked |  0
|  28|0x0000000746800000, 0x0000000746a00000, 0x0000000746a00000|100%| O|  |TAMS 0x0000000746800000| PB 0x0000000746800000| Untracked |  0
|  29|0x0000000746a00000, 0x0000000746c00000, 0x0000000746c00000|100%| O|  |TAMS 0x0000000746a00000| PB 0x0000000746a00000| Untracked |  0
|  30|0x0000000746c00000, 0x0000000746e00000, 0x0000000746e00000|100%| O|  |TAMS 0x0000000746c00000| PB 0x0000000746c00000| Untracked |  0
|  31|0x0000000746e00000, 0x0000000747000000, 0x0000000747000000|100%| O|  |TAMS 0x0000000746e00000| PB 0x0000000746e00000| Untracked |  0
|  32|0x0000000747000000, 0x0000000747000000, 0x0000000747200000|  0%| F|  |TAMS 0x0000000747000000| PB 0x0000000747000000| Untracked |  0
|  33|0x0000000747200000, 0x0000000747400000, 0x0000000747400000|100%| O|  |TAMS 0x0000000747200000| PB 0x0000000747200000| Untracked |  0
|  34|0x0000000747400000, 0x0000000747600000, 0x0000000747600000|100%| O|  |TAMS 0x0000000747400000| PB 0x0000000747400000| Untracked |  0
|  35|0x0000000747600000, 0x0000000747600000, 0x0000000747800000|  0%| F|  |TAMS 0x0000000747600000| PB 0x0000000747600000| Untracked |  0
|  36|0x0000000747800000, 0x0000000747a00000, 0x0000000747a00000|100%| O|  |TAMS 0x0000000747800000| PB 0x0000000747800000| Untracked |  0
|  37|0x0000000747a00000, 0x0000000747c00000, 0x0000000747c00000|100%| O|  |TAMS 0x0000000747a00000| PB 0x0000000747a00000| Untracked |  0
|  38|0x0000000747c00000, 0x0000000747e00000, 0x0000000747e00000|100%| O|  |TAMS 0x0000000747c00000| PB 0x0000000747c00000| Untracked |  0
|  39|0x0000000747e00000, 0x0000000748000000, 0x0000000748000000|100%|HS|  |TAMS 0x0000000747e00000| PB 0x0000000747e00000| Complete |  0
|  40|0x0000000748000000, 0x0000000748200000, 0x0000000748200000|100%|HC|  |TAMS 0x0000000748000000| PB 0x0000000748000000| Complete |  0
|  41|0x0000000748200000, 0x0000000748200000, 0x0000000748400000|  0%| F|  |TAMS 0x0000000748200000| PB 0x0000000748200000| Untracked |  0
|  42|0x0000000748400000, 0x0000000748600000, 0x0000000748600000|100%| O|  |TAMS 0x0000000748400000| PB 0x0000000748400000| Untracked |  0
|  43|0x0000000748600000, 0x0000000748800000, 0x0000000748800000|100%| O|  |TAMS 0x0000000748600000| PB 0x0000000748600000| Untracked |  0
|  44|0x0000000748800000, 0x0000000748a00000, 0x0000000748a00000|100%|HS|  |TAMS 0x0000000748800000| PB 0x0000000748800000| Complete |  0
|  45|0x0000000748a00000, 0x0000000748c00000, 0x0000000748c00000|100%|HC|  |TAMS 0x0000000748a00000| PB 0x0000000748a00000| Complete |  0
|  46|0x0000000748c00000, 0x0000000748e00000, 0x0000000748e00000|100%| S|CS|TAMS 0x0000000748c00000| PB 0x0000000748c00000| Complete |  0
|  47|0x0000000748e00000, 0x0000000749000000, 0x0000000749000000|100%| S|CS|TAMS 0x0000000748e00000| PB 0x0000000748e00000| Complete |  0
|  48|0x0000000749000000, 0x0000000749200000, 0x0000000749200000|100%| S|CS|TAMS 0x0000000749000000| PB 0x0000000749000000| Complete |  0
|  49|0x0000000749200000, 0x0000000749400000, 0x0000000749400000|100%| S|CS|TAMS 0x0000000749200000| PB 0x0000000749200000| Complete |  0
|  50|0x0000000749400000, 0x0000000749400000, 0x0000000749600000|  0%| F|  |TAMS 0x0000000749400000| PB 0x0000000749400000| Untracked |  0
|  51|0x0000000749600000, 0x0000000749600000, 0x0000000749800000|  0%| F|  |TAMS 0x0000000749600000| PB 0x0000000749600000| Untracked |  0
|  52|0x0000000749800000, 0x0000000749800000, 0x0000000749a00000|  0%| F|  |TAMS 0x0000000749800000| PB 0x0000000749800000| Untracked |  0
|  53|0x0000000749a00000, 0x0000000749a00000, 0x0000000749c00000|  0%| F|  |TAMS 0x0000000749a00000| PB 0x0000000749a00000| Untracked |  0
|  54|0x0000000749c00000, 0x0000000749c00000, 0x0000000749e00000|  0%| F|  |TAMS 0x0000000749c00000| PB 0x0000000749c00000| Untracked |  0
|  55|0x0000000749e00000, 0x0000000749e00000, 0x000000074a000000|  0%| F|  |TAMS 0x0000000749e00000| PB 0x0000000749e00000| Untracked |  0
|  56|0x000000074a000000, 0x000000074a000000, 0x000000074a200000|  0%| F|  |TAMS 0x000000074a000000| PB 0x000000074a000000| Untracked |  0
|  57|0x000000074a200000, 0x000000074a200000, 0x000000074a400000|  0%| F|  |TAMS 0x000000074a200000| PB 0x000000074a200000| Untracked |  0
|  58|0x000000074a400000, 0x000000074a400000, 0x000000074a600000|  0%| F|  |TAMS 0x000000074a400000| PB 0x000000074a400000| Untracked |  0
|  59|0x000000074a600000, 0x000000074a600000, 0x000000074a800000|  0%| F|  |TAMS 0x000000074a600000| PB 0x000000074a600000| Untracked |  0
|  60|0x000000074a800000, 0x000000074a800000, 0x000000074aa00000|  0%| F|  |TAMS 0x000000074a800000| PB 0x000000074a800000| Untracked |  0
|  61|0x000000074aa00000, 0x000000074aa00000, 0x000000074ac00000|  0%| F|  |TAMS 0x000000074aa00000| PB 0x000000074aa00000| Untracked |  0
|  62|0x000000074ac00000, 0x000000074ac00000, 0x000000074ae00000|  0%| F|  |TAMS 0x000000074ac00000| PB 0x000000074ac00000| Untracked |  0
|  63|0x000000074ae00000, 0x000000074ae00000, 0x000000074b000000|  0%| F|  |TAMS 0x000000074ae00000| PB 0x000000074ae00000| Untracked |  0
|  64|0x000000074b000000, 0x000000074b000000, 0x000000074b200000|  0%| F|  |TAMS 0x000000074b000000| PB 0x000000074b000000| Untracked |  0
|  65|0x000000074b200000, 0x000000074b200000, 0x000000074b400000|  0%| F|  |TAMS 0x000000074b200000| PB 0x000000074b200000| Untracked |  0
|  66|0x000000074b400000, 0x000000074b400000, 0x000000074b600000|  0%| F|  |TAMS 0x000000074b400000| PB 0x000000074b400000| Untracked |  0
|  67|0x000000074b600000, 0x000000074b600000, 0x000000074b800000|  0%| F|  |TAMS 0x000000074b600000| PB 0x000000074b600000| Untracked |  0
|  68|0x000000074b800000, 0x000000074b800000, 0x000000074ba00000|  0%| F|  |TAMS 0x000000074b800000| PB 0x000000074b800000| Untracked |  0
|  69|0x000000074ba00000, 0x000000074ba00000, 0x000000074bc00000|  0%| F|  |TAMS 0x000000074ba00000| PB 0x000000074ba00000| Untracked |  0
|  70|0x000000074bc00000, 0x000000074bc00000, 0x000000074be00000|  0%| F|  |TAMS 0x000000074bc00000| PB 0x000000074bc00000| Untracked |  0
|  71|0x000000074be00000, 0x000000074be00000, 0x000000074c000000|  0%| F|  |TAMS 0x000000074be00000| PB 0x000000074be00000| Untracked |  0
|  72|0x000000074c000000, 0x000000074c000000, 0x000000074c200000|  0%| F|  |TAMS 0x000000074c000000| PB 0x000000074c000000| Untracked |  0
|  73|0x000000074c200000, 0x000000074c200000, 0x000000074c400000|  0%| F|  |TAMS 0x000000074c200000| PB 0x000000074c200000| Untracked |  0
|  74|0x000000074c400000, 0x000000074c400000, 0x000000074c600000|  0%| F|  |TAMS 0x000000074c400000| PB 0x000000074c400000| Untracked |  0
|  75|0x000000074c600000, 0x000000074c600000, 0x000000074c800000|  0%| F|  |TAMS 0x000000074c600000| PB 0x000000074c600000| Untracked |  0
|  76|0x000000074c800000, 0x000000074c800000, 0x000000074ca00000|  0%| F|  |TAMS 0x000000074c800000| PB 0x000000074c800000| Untracked |  0
|  77|0x000000074ca00000, 0x000000074ca00000, 0x000000074cc00000|  0%| F|  |TAMS 0x000000074ca00000| PB 0x000000074ca00000| Untracked |  0
|  78|0x000000074cc00000, 0x000000074cc00000, 0x000000074ce00000|  0%| F|  |TAMS 0x000000074cc00000| PB 0x000000074cc00000| Untracked |  0
|  79|0x000000074ce00000, 0x000000074ce00000, 0x000000074d000000|  0%| F|  |TAMS 0x000000074ce00000| PB 0x000000074ce00000| Untracked |  0
|  80|0x000000074d000000, 0x000000074d131840, 0x000000074d200000| 59%| E|  |TAMS 0x000000074d000000| PB 0x000000074d000000| Complete |  0
|  81|0x000000074d200000, 0x000000074d400000, 0x000000074d400000|100%| E|CS|TAMS 0x000000074d200000| PB 0x000000074d200000| Complete |  0
|  82|0x000000074d400000, 0x000000074d600000, 0x000000074d600000|100%| E|CS|TAMS 0x000000074d400000| PB 0x000000074d400000| Complete |  0
|  83|0x000000074d600000, 0x000000074d800000, 0x000000074d800000|100%| E|CS|TAMS 0x000000074d600000| PB 0x000000074d600000| Complete |  0
|  84|0x000000074d800000, 0x000000074da00000, 0x000000074da00000|100%| E|CS|TAMS 0x000000074d800000| PB 0x000000074d800000| Complete |  0
|  85|0x000000074da00000, 0x000000074dc00000, 0x000000074dc00000|100%| E|CS|TAMS 0x000000074da00000| PB 0x000000074da00000| Complete |  0
|  86|0x000000074dc00000, 0x000000074de00000, 0x000000074de00000|100%| E|CS|TAMS 0x000000074dc00000| PB 0x000000074dc00000| Complete |  0
|  87|0x000000074de00000, 0x000000074e000000, 0x000000074e000000|100%| E|CS|TAMS 0x000000074de00000| PB 0x000000074de00000| Complete |  0
|  88|0x000000074e000000, 0x000000074e200000, 0x000000074e200000|100%| E|CS|TAMS 0x000000074e000000| PB 0x000000074e000000| Complete |  0
|  89|0x000000074e200000, 0x000000074e400000, 0x000000074e400000|100%| E|CS|TAMS 0x000000074e200000| PB 0x000000074e200000| Complete |  0
|  90|0x000000074e400000, 0x000000074e600000, 0x000000074e600000|100%| E|CS|TAMS 0x000000074e400000| PB 0x000000074e400000| Complete |  0
|  91|0x000000074e600000, 0x000000074e800000, 0x000000074e800000|100%| E|CS|TAMS 0x000000074e600000| PB 0x000000074e600000| Complete |  0
|  92|0x000000074e800000, 0x000000074ea00000, 0x000000074ea00000|100%| E|CS|TAMS 0x000000074e800000| PB 0x000000074e800000| Complete |  0
|  93|0x000000074ea00000, 0x000000074ec00000, 0x000000074ec00000|100%| E|CS|TAMS 0x000000074ea00000| PB 0x000000074ea00000| Complete |  0
|  94|0x000000074ec00000, 0x000000074ee00000, 0x000000074ee00000|100%| E|CS|TAMS 0x000000074ec00000| PB 0x000000074ec00000| Complete |  0
|  95|0x000000074ee00000, 0x000000074f000000, 0x000000074f000000|100%| E|CS|TAMS 0x000000074ee00000| PB 0x000000074ee00000| Complete |  0
|  96|0x000000074f000000, 0x000000074f200000, 0x000000074f200000|100%| E|CS|TAMS 0x000000074f000000| PB 0x000000074f000000| Complete |  0
|  97|0x000000074f200000, 0x000000074f400000, 0x000000074f400000|100%| E|CS|TAMS 0x000000074f200000| PB 0x000000074f200000| Complete |  0
|  98|0x000000074f400000, 0x000000074f600000, 0x000000074f600000|100%| E|CS|TAMS 0x000000074f400000| PB 0x000000074f400000| Complete |  0
|  99|0x000000074f600000, 0x000000074f800000, 0x000000074f800000|100%| E|CS|TAMS 0x000000074f600000| PB 0x000000074f600000| Complete |  0
| 100|0x000000074f800000, 0x000000074fa00000, 0x000000074fa00000|100%| E|CS|TAMS 0x000000074f800000| PB 0x000000074f800000| Complete |  0
| 101|0x000000074fa00000, 0x000000074fc00000, 0x000000074fc00000|100%| E|CS|TAMS 0x000000074fa00000| PB 0x000000074fa00000| Complete |  0
| 102|0x000000074fc00000, 0x000000074fe00000, 0x000000074fe00000|100%| E|CS|TAMS 0x000000074fc00000| PB 0x000000074fc00000| Complete |  0
| 103|0x000000074fe00000, 0x0000000750000000, 0x0000000750000000|100%| E|CS|TAMS 0x000000074fe00000| PB 0x000000074fe00000| Complete |  0
| 104|0x0000000750000000, 0x0000000750200000, 0x0000000750200000|100%| E|CS|TAMS 0x0000000750000000| PB 0x0000000750000000| Complete |  0
| 105|0x0000000750200000, 0x0000000750400000, 0x0000000750400000|100%| E|CS|TAMS 0x0000000750200000| PB 0x0000000750200000| Complete |  0
| 106|0x0000000750400000, 0x0000000750600000, 0x0000000750600000|100%| E|CS|TAMS 0x0000000750400000| PB 0x0000000750400000| Complete |  0
| 107|0x0000000750600000, 0x0000000750800000, 0x0000000750800000|100%| E|CS|TAMS 0x0000000750600000| PB 0x0000000750600000| Complete |  0
| 108|0x0000000750800000, 0x0000000750a00000, 0x0000000750a00000|100%| E|CS|TAMS 0x0000000750800000| PB 0x0000000750800000| Complete |  0
| 109|0x0000000750a00000, 0x0000000750c00000, 0x0000000750c00000|100%| E|CS|TAMS 0x0000000750a00000| PB 0x0000000750a00000| Complete |  0
| 110|0x0000000750c00000, 0x0000000750e00000, 0x0000000750e00000|100%| E|CS|TAMS 0x0000000750c00000| PB 0x0000000750c00000| Complete |  0
| 111|0x0000000750e00000, 0x0000000751000000, 0x0000000751000000|100%| E|CS|TAMS 0x0000000750e00000| PB 0x0000000750e00000| Complete |  0
| 112|0x0000000751000000, 0x0000000751200000, 0x0000000751200000|100%| E|CS|TAMS 0x0000000751000000| PB 0x0000000751000000| Complete |  0
| 113|0x0000000751200000, 0x0000000751400000, 0x0000000751400000|100%| E|CS|TAMS 0x0000000751200000| PB 0x0000000751200000| Complete |  0
| 114|0x0000000751400000, 0x0000000751600000, 0x0000000751600000|100%| E|CS|TAMS 0x0000000751400000| PB 0x0000000751400000| Complete |  0
| 115|0x0000000751600000, 0x0000000751800000, 0x0000000751800000|100%| E|CS|TAMS 0x0000000751600000| PB 0x0000000751600000| Complete |  0
| 116|0x0000000751800000, 0x0000000751a00000, 0x0000000751a00000|100%| E|CS|TAMS 0x0000000751800000| PB 0x0000000751800000| Complete |  0
| 117|0x0000000751a00000, 0x0000000751c00000, 0x0000000751c00000|100%| E|CS|TAMS 0x0000000751a00000| PB 0x0000000751a00000| Complete |  0
| 118|0x0000000751c00000, 0x0000000751e00000, 0x0000000751e00000|100%| E|CS|TAMS 0x0000000751c00000| PB 0x0000000751c00000| Complete |  0
| 119|0x0000000751e00000, 0x0000000752000000, 0x0000000752000000|100%| E|CS|TAMS 0x0000000751e00000| PB 0x0000000751e00000| Complete |  0
| 120|0x0000000752000000, 0x0000000752200000, 0x0000000752200000|100%| E|CS|TAMS 0x0000000752000000| PB 0x0000000752000000| Complete |  0
| 121|0x0000000752200000, 0x0000000752400000, 0x0000000752400000|100%| E|CS|TAMS 0x0000000752200000| PB 0x0000000752200000| Complete |  0
| 122|0x0000000752400000, 0x0000000752600000, 0x0000000752600000|100%| E|CS|TAMS 0x0000000752400000| PB 0x0000000752400000| Complete |  0
| 123|0x0000000752600000, 0x0000000752800000, 0x0000000752800000|100%| E|CS|TAMS 0x0000000752600000| PB 0x0000000752600000| Complete |  0
| 124|0x0000000752800000, 0x0000000752a00000, 0x0000000752a00000|100%| E|CS|TAMS 0x0000000752800000| PB 0x0000000752800000| Complete |  0
| 125|0x0000000752a00000, 0x0000000752c00000, 0x0000000752c00000|100%| E|CS|TAMS 0x0000000752a00000| PB 0x0000000752a00000| Complete |  0
| 126|0x0000000752c00000, 0x0000000752e00000, 0x0000000752e00000|100%| E|CS|TAMS 0x0000000752c00000| PB 0x0000000752c00000| Complete |  0
| 127|0x0000000752e00000, 0x0000000753000000, 0x0000000753000000|100%| E|CS|TAMS 0x0000000752e00000| PB 0x0000000752e00000| Complete |  0
| 128|0x0000000753000000, 0x0000000753200000, 0x0000000753200000|100%| E|CS|TAMS 0x0000000753000000| PB 0x0000000753000000| Complete |  0
| 129|0x0000000753200000, 0x0000000753400000, 0x0000000753400000|100%| E|CS|TAMS 0x0000000753200000| PB 0x0000000753200000| Complete |  0
| 130|0x0000000753400000, 0x0000000753600000, 0x0000000753600000|100%| E|CS|TAMS 0x0000000753400000| PB 0x0000000753400000| Complete |  0
| 131|0x0000000753600000, 0x0000000753800000, 0x0000000753800000|100%| E|CS|TAMS 0x0000000753600000| PB 0x0000000753600000| Complete |  0
| 132|0x0000000753800000, 0x0000000753a00000, 0x0000000753a00000|100%| E|CS|TAMS 0x0000000753800000| PB 0x0000000753800000| Complete |  0
| 133|0x0000000753a00000, 0x0000000753c00000, 0x0000000753c00000|100%| E|CS|TAMS 0x0000000753a00000| PB 0x0000000753a00000| Complete |  0
| 134|0x0000000753c00000, 0x0000000753e00000, 0x0000000753e00000|100%| E|CS|TAMS 0x0000000753c00000| PB 0x0000000753c00000| Complete |  0
| 135|0x0000000753e00000, 0x0000000754000000, 0x0000000754000000|100%| E|CS|TAMS 0x0000000753e00000| PB 0x0000000753e00000| Complete |  0
| 136|0x0000000754000000, 0x0000000754200000, 0x0000000754200000|100%| E|CS|TAMS 0x0000000754000000| PB 0x0000000754000000| Complete |  0
| 137|0x0000000754200000, 0x0000000754400000, 0x0000000754400000|100%| E|CS|TAMS 0x0000000754200000| PB 0x0000000754200000| Complete |  0
|1503|0x00000007fee00000, 0x00000007ff000000, 0x00000007ff000000|100%| E|CS|TAMS 0x00000007fee00000| PB 0x00000007fee00000| Complete |  0
|1504|0x00000007ff000000, 0x00000007ff200000, 0x00000007ff200000|100%| E|CS|TAMS 0x00000007ff000000| PB 0x00000007ff000000| Complete |  0
|1505|0x00000007ff200000, 0x00000007ff400000, 0x00000007ff400000|100%| E|CS|TAMS 0x00000007ff200000| PB 0x00000007ff200000| Complete |  0
|1506|0x00000007ff400000, 0x00000007ff600000, 0x00000007ff600000|100%| E|CS|TAMS 0x00000007ff400000| PB 0x00000007ff400000| Complete |  0
|1507|0x00000007ff600000, 0x00000007ff800000, 0x00000007ff800000|100%| E|CS|TAMS 0x00000007ff600000| PB 0x00000007ff600000| Complete |  0
|1508|0x00000007ff800000, 0x00000007ffa00000, 0x00000007ffa00000|100%| E|CS|TAMS 0x00000007ff800000| PB 0x00000007ff800000| Complete |  0
|1509|0x00000007ffa00000, 0x00000007ffc00000, 0x00000007ffc00000|100%| O|  |TAMS 0x00000007ffa00000| PB 0x00000007ffa00000| Untracked |  0
|1510|0x00000007ffc00000, 0x00000007ffe00000, 0x00000007ffe00000|100%| O|  |TAMS 0x00000007ffc00000| PB 0x00000007ffc00000| Untracked |  0
|1511|0x00000007ffe00000, 0x0000000800000000, 0x0000000800000000|100%| E|CS|TAMS 0x00000007ffe00000| PB 0x00000007ffe00000| Complete |  0

Card table byte_map: [0x00000208ee8d0000,0x00000208eeec0000] _byte_map_base: 0x00000208eaeb8000

Marking Bits: (CMBitMap*) 0x00000208d6506cb0
 Bits: [0x00000208eeec0000, 0x00000208f1e00000)

Polling page: 0x00000208d4320000

Metaspace:
Metaspace        used 30069K, committed 30592K, reserved 1114112K
 class space     used 2765K, committed 3008K, reserved 1048576K

Usage:
  Non-class:     26.66 MB used.
      Class:      2.70 MB used.
       Both:     29.36 MB used.

Virtual space:
  Non-class space:       64.00 MB reserved,      26.94 MB ( 42%) committed,  1 nodes.
      Class space:        1.00 GB reserved,       2.94 MB ( <1%) committed,  1 nodes.
             Both:        1.06 GB reserved,      29.88 MB (  3%) committed. 

Chunk freelists:
   Non-Class:  4.67 MB
       Class:  13.03 MB
        Both:  17.71 MB

MaxMetaspaceSize: unlimited
CompressedClassSpaceSize: 1.00 GB
Initial GC threshold: 21.00 MB
Current GC threshold: 49.50 MB
CDS: on
 - commit_granule_bytes: 65536.
 - commit_granule_words: 8192.
 - virtual_space_node_default_size: 8388608.
 - enlarge_chunks_in_place: 1.
UseCompressedClassPointers 1, UseCompactObjectHeaders 0
Narrow klass pointer bits 32, Max shift 3
Narrow klass base: 0x000000002c000000, Narrow klass shift: 0
Encoding Range: [0x000000002c000000 - 0x000000012c000000), (4294967296 bytes)
Klass Range:    [0x000000002c010000 - 0x000000006d000000), (1090453504 bytes)
Klass ID Range:  [65536 - 1090519033) (1090453497)
Protection zone: [0x000000002c000000 - 0x000000002c010000), (65536 bytes)


Internal statistics:

num_allocs_failed_limit: 3.
num_arena_births: 658.
num_arena_deaths: 40.
num_vsnodes_births: 2.
num_vsnodes_deaths: 0.
num_space_committed: 478.
num_space_uncommitted: 0.
num_chunks_returned_to_freelist: 47.
num_chunks_taken_from_freelist: 1286.
num_chunk_merges: 8.
num_chunk_splits: 867.
num_chunks_enlarged: 607.
num_inconsistent_stats: 0.

CodeHeap 'non-profiled nmethods': size=120064Kb used=5932Kb max_used=5944Kb free=114131Kb
 bounds [0x00000208e6a70000, 0x00000208e7070000, 0x00000208edfb0000]
CodeHeap 'profiled nmethods': size=120000Kb used=13450Kb max_used=18377Kb free=106549Kb
 bounds [0x00000208defb0000, 0x00000208e01b0000, 0x00000208e64e0000]
CodeHeap 'non-nmethods': size=5696Kb used=1729Kb max_used=1836Kb free=3966Kb
 bounds [0x00000208e64e0000, 0x00000208e6750000, 0x00000208e6a70000]
CodeCache: size=245760Kb, used=21111Kb, max_used=26157Kb, free=224646Kb
 total_blobs=9454, nmethods=8595, adapters=749, full_count=0
Compilation: enabled, stopped_count=0, restarted_count=0

Compilation events (20 events):
Event: 43122.023 Thread 0x00000208f47ebde0 nmethod 12112 0x00000208df2f0a08 code [0x00000208df2f0b00, 0x00000208df2f1070]
Event: 43340.617 Thread 0x00000208f47ebde0 12113       3       java.util.WeakHashMap$KeyIterator::next (8 bytes)
Event: 43340.618 Thread 0x00000208f47ebde0 nmethod 12113 0x00000208df53e108 code [0x00000208df53e200, 0x00000208df53e588]
Event: 43340.618 Thread 0x00000208f47ebde0 12114       3       java.util.WeakHashMap$HashIterator::nextEntry (81 bytes)
Event: 43340.621 Thread 0x00000208f47ebde0 nmethod 12114 0x00000208df394b88 code [0x00000208df394c80, 0x00000208df3951a8]
Event: 43340.621 Thread 0x00000208f47ebde0 12115       3       java.util.WeakHashMap$Entry::getKey (8 bytes)
Event: 43340.621 Thread 0x00000208f47df140 12119       4       java.lang.Math::floor (5 bytes)
Event: 43340.621 Thread 0x00000208f47ebde0 nmethod 12115 0x00000208df5e0b08 code [0x00000208df5e0c00, 0x00000208df5e0e70]
Event: 43340.621 Thread 0x00000208f47ebde0 12116       3       java.util.WeakHashMap::unmaskNull (13 bytes)
Event: 43340.621 Thread 0x00000208f47ebde0 nmethod 12116 0x00000208df6e2b88 code [0x00000208df6e2c80, 0x00000208df6e2db8]
Event: 43340.621 Thread 0x00000208f47ebde0 12117       3       sun.awt.image.VolatileSurfaceManager::displayChanged (102 bytes)
Event: 43340.625 Thread 0x00000208f47df140 nmethod 12119 0x00000208e6aede88 code [0x00000208e6aedfa0, 0x00000208e6aee0b8]
Event: 43340.627 Thread 0x00000208f47ebde0 nmethod 12117 0x00000208df332508 code [0x00000208df332600, 0x00000208df333028]
Event: 43340.627 Thread 0x00000208f47ebde0 12118       3       sun.awt.image.SunVolatileImage::updateGraphicsConfig (25 bytes)
Event: 43340.627 Thread 0x00000208f47ebde0 nmethod 12118 0x00000208df6ba788 code [0x00000208df6ba880, 0x00000208df6babc0]
Event: 43341.447 Thread 0x00000208f47ebde0 12120       3       sun.swing.MenuItemLayoutHelper::alignRect (26 bytes)
Event: 43341.447 Thread 0x00000208f47ebde0 nmethod 12120 0x00000208df6e4388 code [0x00000208df6e4480, 0x00000208df6e45d0]
Event: 43341.451 Thread 0x00000208f47df140 12121       4       java.lang.String::getChars (55 bytes)
Event: 43341.461 Thread 0x00000208f47df140 nmethod 12121 0x00000208e6aed888 code [0x00000208e6aed980, 0x00000208e6aedda0]
Event: 43341.461 Thread 0x00000208f47df140 12122   !   4       javax.swing.JComponent::paintChildren (684 bytes)

GC Heap Usage History (20 events):
Event: 15426.014 {heap Before GC invocations=17 (full 0):
 garbage-first heap   total reserved 3096576K, committed 122880K, used 102693K [0x0000000743000000, 0x0000000800000000)
  region size 2048K, 31 young (63488K), 4 survivors (8192K)
}
Event: 15426.028 {heap After GC invocations=18 (full 0):
 garbage-first heap   total reserved 3096576K, committed 122880K, used 57736K [0x0000000743000000, 0x0000000800000000)
  region size 2048K, 4 young (8192K), 4 survivors (8192K)
}
Event: 15426.452 {heap Before GC invocations=18 (full 0):
 garbage-first heap   total reserved 3096576K, committed 122880K, used 102792K [0x0000000743000000, 0x0000000800000000)
  region size 2048K, 26 young (53248K), 4 survivors (8192K)
}
Event: 15426.468 {heap After GC invocations=19 (full 0):
 garbage-first heap   total reserved 3096576K, committed 129024K, used 75274K [0x0000000743000000, 0x0000000800000000)
  region size 2048K, 4 young (8192K), 4 survivors (8192K)
}
Event: 15426.722 {heap Before GC invocations=19 (full 0):
 garbage-first heap   total reserved 3096576K, committed 129024K, used 105994K [0x0000000743000000, 0x0000000800000000)
  region size 2048K, 20 young (40960K), 4 survivors (8192K)
}
Event: 15426.734 {heap After GC invocations=20 (full 0):
 garbage-first heap   total reserved 3096576K, committed 163840K, used 86016K [0x0000000743000000, 0x0000000800000000)
  region size 2048K, 3 young (6144K), 3 survivors (6144K)
}
Event: 15427.023 {heap Before GC invocations=21 (full 0):
 garbage-first heap   total reserved 3096576K, committed 163840K, used 116736K [0x0000000743000000, 0x0000000800000000)
  region size 2048K, 25 young (51200K), 3 survivors (6144K)
}
Event: 15427.037 {heap After GC invocations=22 (full 0):
 garbage-first heap   total reserved 3096576K, committed 163840K, used 83968K [0x0000000743000000, 0x0000000800000000)
  region size 2048K, 4 young (8192K), 4 survivors (8192K)
}
Event: 15427.392 {heap Before GC invocations=22 (full 0):
 garbage-first heap   total reserved 3096576K, committed 163840K, used 129024K [0x0000000743000000, 0x0000000800000000)
  region size 2048K, 26 young (53248K), 4 survivors (8192K)
}
Event: 15427.415 {heap After GC invocations=23 (full 0):
 garbage-first heap   total reserved 3096576K, committed 163840K, used 77036K [0x0000000743000000, 0x0000000800000000)
  region size 2048K, 4 young (8192K), 4 survivors (8192K)
}
Event: 16500.766 {heap Before GC invocations=23 (full 0):
 garbage-first heap   total reserved 3096576K, committed 163840K, used 122092K [0x0000000743000000, 0x0000000800000000)
  region size 2048K, 27 young (55296K), 4 survivors (8192K)
}
Event: 16500.779 {heap After GC invocations=24 (full 0):
 garbage-first heap   total reserved 3096576K, committed 163840K, used 79346K [0x0000000743000000, 0x0000000800000000)
  region size 2048K, 3 young (6144K), 3 survivors (6144K)
}
Event: 16500.946 {heap Before GC invocations=24 (full 0):
 garbage-first heap   total reserved 3096576K, committed 163840K, used 128498K [0x0000000743000000, 0x0000000800000000)
  region size 2048K, 27 young (55296K), 3 survivors (6144K)
}
Event: 16500.962 {heap After GC invocations=25 (full 0):
 garbage-first heap   total reserved 3096576K, committed 163840K, used 96256K [0x0000000743000000, 0x0000000800000000)
  region size 2048K, 4 young (8192K), 4 survivors (8192K)
}
Event: 16501.121 {heap Before GC invocations=26 (full 0):
 garbage-first heap   total reserved 3096576K, committed 163840K, used 112640K [0x0000000743000000, 0x0000000800000000)
  region size 2048K, 22 young (45056K), 4 survivors (8192K)
}
Event: 16501.135 {heap After GC invocations=27 (full 0):
 garbage-first heap   total reserved 3096576K, committed 163840K, used 90112K [0x0000000743000000, 0x0000000800000000)
  region size 2048K, 3 young (6144K), 3 survivors (6144K)
}
Event: 16501.427 {heap Before GC invocations=27 (full 0):
 garbage-first heap   total reserved 3096576K, committed 163840K, used 129024K [0x0000000743000000, 0x0000000800000000)
  region size 2048K, 23 young (47104K), 3 survivors (6144K)
}
Event: 16501.440 {heap After GC invocations=28 (full 0):
 garbage-first heap   total reserved 3096576K, committed 163840K, used 74047K [0x0000000743000000, 0x0000000800000000)
  region size 2048K, 3 young (6144K), 3 survivors (6144K)
}
Event: 16501.846 {heap Before GC invocations=28 (full 0):
 garbage-first heap   total reserved 3096576K, committed 163840K, used 123199K [0x0000000743000000, 0x0000000800000000)
  region size 2048K, 28 young (57344K), 3 survivors (6144K)
}
Event: 16501.868 {heap After GC invocations=29 (full 0):
 garbage-first heap   total reserved 3096576K, committed 301056K, used 81920K [0x0000000743000000, 0x0000000800000000)
  region size 2048K, 4 young (8192K), 4 survivors (8192K)
}

Metaspace Usage History (20 events):
Event: 15426.014 {metaspace Before GC invocations=17 (full 0):
 Metaspace       used 29853K, committed 30400K, reserved 1114112K
  class space    used 2753K, committed 3008K, reserved 1048576K
}
Event: 15426.028 {metaspace After GC invocations=18 (full 0):
 Metaspace       used 29853K, committed 30400K, reserved 1114112K
  class space    used 2753K, committed 3008K, reserved 1048576K
}
Event: 15426.452 {metaspace Before GC invocations=18 (full 0):
 Metaspace       used 29853K, committed 30400K, reserved 1114112K
  class space    used 2753K, committed 3008K, reserved 1048576K
}
Event: 15426.468 {metaspace After GC invocations=19 (full 0):
 Metaspace       used 29853K, committed 30400K, reserved 1114112K
  class space    used 2753K, committed 3008K, reserved 1048576K
}
Event: 15426.722 {metaspace Before GC invocations=19 (full 0):
 Metaspace       used 29854K, committed 30400K, reserved 1114112K
  class space    used 2753K, committed 3008K, reserved 1048576K
}
Event: 15426.734 {metaspace After GC invocations=20 (full 0):
 Metaspace       used 29854K, committed 30400K, reserved 1114112K
  class space    used 2753K, committed 3008K, reserved 1048576K
}
Event: 15427.023 {metaspace Before GC invocations=21 (full 0):
 Metaspace       used 29852K, committed 30400K, reserved 1114112K
  class space    used 2753K, committed 3008K, reserved 1048576K
}
Event: 15427.037 {metaspace After GC invocations=22 (full 0):
 Metaspace       used 29852K, committed 30400K, reserved 1114112K
  class space    used 2753K, committed 3008K, reserved 1048576K
}
Event: 15427.392 {metaspace Before GC invocations=22 (full 0):
 Metaspace       used 29896K, committed 30400K, reserved 1114112K
  class space    used 2754K, committed 3008K, reserved 1048576K
}
Event: 15427.415 {metaspace After GC invocations=23 (full 0):
 Metaspace       used 29896K, committed 30400K, reserved 1114112K
  class space    used 2754K, committed 3008K, reserved 1048576K
}
Event: 16500.766 {metaspace Before GC invocations=23 (full 0):
 Metaspace       used 29938K, committed 30464K, reserved 1114112K
  class space    used 2761K, committed 3008K, reserved 1048576K
}
Event: 16500.779 {metaspace After GC invocations=24 (full 0):
 Metaspace       used 29938K, committed 30464K, reserved 1114112K
  class space    used 2761K, committed 3008K, reserved 1048576K
}
Event: 16500.946 {metaspace Before GC invocations=24 (full 0):
 Metaspace       used 29938K, committed 30464K, reserved 1114112K
  class space    used 2761K, committed 3008K, reserved 1048576K
}
Event: 16500.962 {metaspace After GC invocations=25 (full 0):
 Metaspace       used 29938K, committed 30464K, reserved 1114112K
  class space    used 2761K, committed 3008K, reserved 1048576K
}
Event: 16501.121 {metaspace Before GC invocations=26 (full 0):
 Metaspace       used 29938K, committed 30464K, reserved 1114112K
  class space    used 2761K, committed 3008K, reserved 1048576K
}
Event: 16501.135 {metaspace After GC invocations=27 (full 0):
 Metaspace       used 29938K, committed 30464K, reserved 1114112K
  class space    used 2761K, committed 3008K, reserved 1048576K
}
Event: 16501.427 {metaspace Before GC invocations=27 (full 0):
 Metaspace       used 29967K, committed 30464K, reserved 1114112K
  class space    used 2761K, committed 3008K, reserved 1048576K
}
Event: 16501.440 {metaspace After GC invocations=28 (full 0):
 Metaspace       used 29967K, committed 30464K, reserved 1114112K
  class space    used 2761K, committed 3008K, reserved 1048576K
}
Event: 16501.846 {metaspace Before GC invocations=28 (full 0):
 Metaspace       used 29997K, committed 30528K, reserved 1114112K
  class space    used 2762K, committed 3008K, reserved 1048576K
}
Event: 16501.868 {metaspace After GC invocations=29 (full 0):
 Metaspace       used 29997K, committed 30528K, reserved 1114112K
  class space    used 2762K, committed 3008K, reserved 1048576K
}

Dll operation events (11 events):
Event: 0.015 Loaded shared library C:\Program Files\Apache NetBeans\jdk\bin\java.dll
Event: 0.106 Loaded shared library C:\Program Files\Apache NetBeans\jdk\bin\jimage.dll
Event: 0.112 Loaded shared library C:\Program Files\Apache NetBeans\jdk\bin\awt.dll
Event: 0.473 Loaded shared library C:\Program Files\Apache NetBeans\jdk\bin\prefs.dll
Event: 0.588 Loaded shared library C:\Program Files\Apache NetBeans\jdk\bin\freetype.dll
Event: 0.589 Loaded shared library C:\Program Files\Apache NetBeans\jdk\bin\fontmanager.dll
Event: 0.672 Loaded shared library C:\Program Files\Apache NetBeans\jdk\bin\net.dll
Event: 0.674 Loaded shared library C:\Program Files\Apache NetBeans\jdk\bin\nio.dll
Event: 20.006 Loaded shared library C:\Program Files\Apache NetBeans\jdk\bin\zip.dll
Event: 15415.857 Loaded shared library C:\Windows\System32\ucrtbase.dll
Event: 15415.869 Loaded shared library C:\Program Files\Apache NetBeans\jdk\bin\syslookup.dll

Deoptimization events (20 events):
Event: 41519.067 Thread 0x00000208f4c38d80 Uncommon trap: trap_request=0xffffff45 fr.pc=0x00000208e6e4c9c8 relative=0x00000000000003c8
Event: 41519.067 Thread 0x00000208f4c38d80 Uncommon trap: reason=unstable_if action=reinterpret pc=0x00000208e6e4c9c8 method=sun.java2d.SunGraphics2D.setRenderingHint(Ljava/awt/RenderingHints$Key;Ljava/lang/Object;)V @ 82 c2
Event: 41519.067 Thread 0x00000208f4c38d80 DEOPT PACKING pc=0x00000208e6e4c9c8 sp=0x000000832f5ff100
Event: 41519.067 Thread 0x00000208f4c38d80 DEOPT UNPACKING pc=0x00000208e65ffc02 sp=0x000000832f5ff098 mode 2
Event: 41519.069 Thread 0x00000208f4c38d80 Uncommon trap: trap_request=0xffffffde fr.pc=0x00000208e6b74b28 relative=0x0000000000000128
Event: 41519.069 Thread 0x00000208f4c38d80 Uncommon trap: reason=class_check action=maybe_recompile pc=0x00000208e6b74b28 method=sun.java2d.loops.SurfaceType.pixelFor(ILjava/awt/image/ColorModel;)I @ 6 c2
Event: 41519.069 Thread 0x00000208f4c38d80 DEOPT PACKING pc=0x00000208e6b74b28 sp=0x000000832f5fefd0
Event: 41519.069 Thread 0x00000208f4c38d80 DEOPT UNPACKING pc=0x00000208e65ffc02 sp=0x000000832f5fee68 mode 2
Event: 41521.735 Thread 0x00000208f4c38d80 Uncommon trap: trap_request=0xffffffde fr.pc=0x00000208e6b74b28 relative=0x0000000000000128
Event: 41521.735 Thread 0x00000208f4c38d80 Uncommon trap: reason=class_check action=maybe_recompile pc=0x00000208e6b74b28 method=sun.java2d.loops.SurfaceType.pixelFor(ILjava/awt/image/ColorModel;)I @ 6 c2
Event: 41521.735 Thread 0x00000208f4c38d80 DEOPT PACKING pc=0x00000208e6b74b28 sp=0x000000832f5fefd0
Event: 41521.735 Thread 0x00000208f4c38d80 DEOPT UNPACKING pc=0x00000208e65ffc02 sp=0x000000832f5fee68 mode 2
Event: 41521.736 Thread 0x00000208f4c38d80 Uncommon trap: trap_request=0xffffffde fr.pc=0x00000208e6b74b28 relative=0x0000000000000128
Event: 41521.736 Thread 0x00000208f4c38d80 Uncommon trap: reason=class_check action=maybe_recompile pc=0x00000208e6b74b28 method=sun.java2d.loops.SurfaceType.pixelFor(ILjava/awt/image/ColorModel;)I @ 6 c2
Event: 41521.736 Thread 0x00000208f4c38d80 DEOPT PACKING pc=0x00000208e6b74b28 sp=0x000000832f5fefd0
Event: 41521.736 Thread 0x00000208f4c38d80 DEOPT UNPACKING pc=0x00000208e65ffc02 sp=0x000000832f5fee68 mode 2
Event: 41522.707 Thread 0x00000208f4c38d80 Uncommon trap: trap_request=0xffffff45 fr.pc=0x00000208e6bbe2f0 relative=0x00000000000001f0
Event: 41522.707 Thread 0x00000208f4c38d80 Uncommon trap: reason=unstable_if action=reinterpret pc=0x00000208e6bbe2f0 method=sun.swing.ImageCache$Entry.equals(Ljava/awt/GraphicsConfiguration;II[Ljava/lang/Object;)Z @ 31 c2
Event: 41522.707 Thread 0x00000208f4c38d80 DEOPT PACKING pc=0x00000208e6bbe2f0 sp=0x000000832f5fdf50
Event: 41522.707 Thread 0x00000208f4c38d80 DEOPT UNPACKING pc=0x00000208e65ffc02 sp=0x000000832f5fded0 mode 2

Classes loaded (20 events):
Event: 15425.589 Loading class java/awt/font/StyledParagraph
Event: 15425.590 Loading class java/awt/font/StyledParagraph done
Event: 15425.590 Loading class java/util/Hashtable$EntrySet
Event: 15425.590 Loading class java/util/Hashtable$EntrySet done
Event: 15425.591 Loading class java/awt/font/CharArrayIterator
Event: 15425.591 Loading class java/awt/font/CharArrayIterator done
Event: 15425.591 Loading class java/awt/font/GraphicAttribute
Event: 15425.591 Loading class java/awt/font/GraphicAttribute done
Event: 15425.592 Loading class sun/font/DelegatingShape
Event: 15425.593 Loading class sun/font/DelegatingShape done
Event: 15425.594 Loading class javax/swing/text/GlyphPainter2
Event: 15425.595 Loading class javax/swing/text/GlyphPainter2 done
Event: 15427.130 Loading class java/awt/font/NumericShaper
Event: 15427.131 Loading class java/awt/font/NumericShaper done
Event: 15427.373 Loading class java/awt/ColorPaintContext
Event: 15427.373 Loading class java/awt/ColorPaintContext done
Event: 15427.376 Loading class sun/java2d/pipe/RegionClipSpanIterator
Event: 15427.377 Loading class sun/java2d/pipe/RegionClipSpanIterator done
Event: 41519.012 Loading class javax/swing/RepaintManager$DisplayChangedRunnable
Event: 41519.020 Loading class javax/swing/RepaintManager$DisplayChangedRunnable done

Classes unloaded (20 events):
Event: 15400.503 Thread 0x00000208f47bc4e0 Unloading class 0x000000002d278400 'java/lang/invoke/LambdaForm$MH+0x000000002d278400'
Event: 15400.503 Thread 0x00000208f47bc4e0 Unloading class 0x000000002d1fdc00 'java/lang/invoke/LambdaForm$MH+0x000000002d1fdc00'
Event: 15400.503 Thread 0x00000208f47bc4e0 Unloading class 0x000000002d1fd800 'java/lang/invoke/LambdaForm$MH+0x000000002d1fd800'
Event: 15400.503 Thread 0x00000208f47bc4e0 Unloading class 0x000000002d118c00 'java/lang/invoke/LambdaForm$DMH+0x000000002d118c00'
Event: 15400.503 Thread 0x00000208f47bc4e0 Unloading class 0x000000002d118400 'java/lang/invoke/LambdaForm$DMH+0x000000002d118400'
Event: 15400.503 Thread 0x00000208f47bc4e0 Unloading class 0x000000002d118000 'java/lang/invoke/LambdaForm$MH+0x000000002d118000'
Event: 15400.503 Thread 0x00000208f47bc4e0 Unloading class 0x000000002d111c00 'java/lang/invoke/LambdaForm$BMH+0x000000002d111c00'
Event: 15400.503 Thread 0x00000208f47bc4e0 Unloading class 0x000000002d10a400 'java/lang/invoke/LambdaForm$BMH+0x000000002d10a400'
Event: 15400.503 Thread 0x00000208f47bc4e0 Unloading class 0x000000002d103c00 'java/lang/invoke/LambdaForm$MH+0x000000002d103c00'
Event: 15400.503 Thread 0x00000208f47bc4e0 Unloading class 0x000000002d103800 'java/lang/invoke/LambdaForm$MH+0x000000002d103800'
Event: 15400.503 Thread 0x00000208f47bc4e0 Unloading class 0x000000002d103400 'java/lang/invoke/LambdaForm$MH+0x000000002d103400'
Event: 15400.503 Thread 0x00000208f47bc4e0 Unloading class 0x000000002d100c00 'java/lang/invoke/LambdaForm$BMH+0x000000002d100c00'
Event: 15400.503 Thread 0x00000208f47bc4e0 Unloading class 0x000000002d0d6800 'java/lang/invoke/LambdaForm$BMH+0x000000002d0d6800'
Event: 15400.503 Thread 0x00000208f47bc4e0 Unloading class 0x000000002d0d4400 'java/lang/invoke/LambdaForm$DMH+0x000000002d0d4400'
Event: 15400.503 Thread 0x00000208f47bc4e0 Unloading class 0x000000002d0cd400 'java/lang/invoke/LambdaForm$DMH+0x000000002d0cd400'
Event: 15400.503 Thread 0x00000208f47bc4e0 Unloading class 0x000000002d04a000 'java/lang/invoke/LambdaForm$MH+0x000000002d04a000'
Event: 15400.503 Thread 0x00000208f47bc4e0 Unloading class 0x000000002d048400 'java/lang/invoke/LambdaForm$DMH+0x000000002d048400'
Event: 15400.503 Thread 0x00000208f47bc4e0 Unloading class 0x000000002d046c00 'java/lang/invoke/LambdaForm$DMH+0x000000002d046c00'
Event: 15400.503 Thread 0x00000208f47bc4e0 Unloading class 0x000000002d040800 'java/lang/invoke/LambdaForm$MH+0x000000002d040800'
Event: 15426.772 Thread 0x00000208f47bc4e0 Unloading class 0x000000002d048000 'java/lang/invoke/LambdaForm$DMH+0x000000002d048000'

Classes redefined (0 events):
No events

Internal exceptions (20 events):
Event: 16503.464 Thread 0x00000208f95ffd70 Exception <a 'sun/nio/fs/WindowsException'{0x000000074e91db70}> (0x000000074e91db70) 
thrown [s\src\hotspot\share\prims\jni.cpp, line 516]
Event: 16503.468 Thread 0x00000208f95ffd70 Exception <a 'sun/nio/fs/WindowsException'{0x000000074e9484f8}> (0x000000074e9484f8) 
thrown [s\src\hotspot\share\prims\jni.cpp, line 516]
Event: 16503.538 Thread 0x00000208f95ffd70 Exception <a 'sun/nio/fs/WindowsException'{0x000000074e2ec238}> (0x000000074e2ec238) 
thrown [s\src\hotspot\share\prims\jni.cpp, line 516]
Event: 16503.546 Thread 0x00000208f95ffd70 Exception <a 'sun/nio/fs/WindowsException'{0x000000074e362330}> (0x000000074e362330) 
thrown [s\src\hotspot\share\prims\jni.cpp, line 516]
Event: 16503.558 Thread 0x00000208f95ffd70 Exception <a 'sun/nio/fs/WindowsException'{0x000000074e3ff670}> (0x000000074e3ff670) 
thrown [s\src\hotspot\share\prims\jni.cpp, line 516]
Event: 16503.561 Thread 0x00000208f95ffd70 Exception <a 'sun/nio/fs/WindowsException'{0x000000074e009908}> (0x000000074e009908) 
thrown [s\src\hotspot\share\prims\jni.cpp, line 516]
Event: 16503.564 Thread 0x00000208f95ffd70 Exception <a 'sun/nio/fs/WindowsException'{0x000000074e026ed8}> (0x000000074e026ed8) 
thrown [s\src\hotspot\share\prims\jni.cpp, line 516]
Event: 16503.583 Thread 0x00000208f95ffd70 Exception <a 'sun/nio/fs/WindowsException'{0x000000074e176370}> (0x000000074e176370) 
thrown [s\src\hotspot\share\prims\jni.cpp, line 516]
Event: 16503.587 Thread 0x00000208f95ffd70 Exception <a 'sun/nio/fs/WindowsException'{0x000000074e1a3d98}> (0x000000074e1a3d98) 
thrown [s\src\hotspot\share\prims\jni.cpp, line 516]
Event: 16503.600 Thread 0x00000208f95ffd70 Exception <a 'sun/nio/fs/WindowsException'{0x000000074dea4020}> (0x000000074dea4020) 
thrown [s\src\hotspot\share\prims\jni.cpp, line 516]
Event: 16503.604 Thread 0x00000208f95ffd70 Exception <a 'sun/nio/fs/WindowsException'{0x000000074dec4d40}> (0x000000074dec4d40) 
thrown [s\src\hotspot\share\prims\jni.cpp, line 516]
Event: 16503.615 Thread 0x00000208f95ffd70 Exception <a 'sun/nio/fs/WindowsException'{0x000000074df57908}> (0x000000074df57908) 
thrown [s\src\hotspot\share\prims\jni.cpp, line 516]
Event: 16503.619 Thread 0x00000208f95ffd70 Exception <a 'sun/nio/fs/WindowsException'{0x000000074df6f660}> (0x000000074df6f660) 
thrown [s\src\hotspot\share\prims\jni.cpp, line 516]
Event: 16503.622 Thread 0x00000208f95ffd70 Exception <a 'sun/nio/fs/WindowsException'{0x000000074df76e38}> (0x000000074df76e38) 
thrown [s\src\hotspot\share\prims\jni.cpp, line 516]
Event: 16503.631 Thread 0x00000208f95ffd70 Exception <a 'sun/nio/fs/WindowsException'{0x000000074dfdafa8}> (0x000000074dfdafa8) 
thrown [s\src\hotspot\share\prims\jni.cpp, line 516]
Event: 16503.647 Thread 0x00000208f95ffd70 Exception <a 'sun/nio/fs/WindowsException'{0x000000074dcc70b8}> (0x000000074dcc70b8) 
thrown [s\src\hotspot\share\prims\jni.cpp, line 516]
Event: 16503.650 Thread 0x00000208f95ffd70 Exception <a 'sun/nio/fs/WindowsException'{0x000000074dccddd0}> (0x000000074dccddd0) 
thrown [s\src\hotspot\share\prims\jni.cpp, line 516]
Event: 16503.652 Thread 0x00000208f95ffd70 Exception <a 'sun/nio/fs/WindowsException'{0x000000074dcd61c0}> (0x000000074dcd61c0) 
thrown [s\src\hotspot\share\prims\jni.cpp, line 516]
Event: 16503.657 Thread 0x00000208f95ffd70 Exception <a 'sun/nio/fs/WindowsException'{0x000000074dcf43f8}> (0x000000074dcf43f8) 
thrown [s\src\hotspot\share\prims\jni.cpp, line 516]
Event: 16503.670 Thread 0x00000208f95ffd70 Exception <a 'sun/nio/fs/WindowsException'{0x000000074ddce760}> (0x000000074ddce760) 
thrown [s\src\hotspot\share\prims\jni.cpp, line 516]

VM Operations (20 events):
Event: 16501.027 Executing safepoint VM operation: G1PauseCleanup
Event: 16501.027 Executing safepoint VM operation: G1PauseCleanup done
Event: 16501.121 Executing safepoint VM operation: G1CollectForAllocation (G1 Evacuation Pause)
Event: 16501.135 Executing safepoint VM operation: G1CollectForAllocation (G1 Evacuation Pause) done
Event: 16501.427 Executing safepoint VM operation: G1CollectForAllocation (G1 Evacuation Pause)
Event: 16501.440 Executing safepoint VM operation: G1CollectForAllocation (G1 Evacuation Pause) done
Event: 16501.846 Executing safepoint VM operation: G1CollectForAllocation (G1 Evacuation Pause)
Event: 16501.868 Executing safepoint VM operation: G1CollectForAllocation (G1 Evacuation Pause) done
Event: 22610.410 Executing non-safepoint VM operation: HandshakeAllThreads (HandshakeForDeflation)
Event: 22610.410 Executing non-safepoint VM operation: HandshakeAllThreads (HandshakeForDeflation) done
Event: 22610.410 Executing non-safepoint VM operation: RendezvousGCThreads
Event: 22610.410 Executing non-safepoint VM operation: RendezvousGCThreads done
Event: 41032.628 Executing non-safepoint VM operation: HandshakeAllThreads (HandshakeForDeflation)
Event: 41032.628 Executing non-safepoint VM operation: HandshakeAllThreads (HandshakeForDeflation) done
Event: 41032.628 Executing non-safepoint VM operation: RendezvousGCThreads
Event: 41032.628 Executing non-safepoint VM operation: RendezvousGCThreads done
Event: 41573.561 Executing non-safepoint VM operation: HandshakeAllThreads (HandshakeForDeflation)
Event: 41573.562 Executing non-safepoint VM operation: HandshakeAllThreads (HandshakeForDeflation) done
Event: 41573.562 Executing non-safepoint VM operation: RendezvousGCThreads
Event: 41573.562 Executing non-safepoint VM operation: RendezvousGCThreads done

Memory protections (0 events):
No events

Nmethod flushes (20 events):
Event: 16501.008 Thread 0x00000208f47bc4e0 flushing  nmethod 0x00000208e0060a08
Event: 16501.008 Thread 0x00000208f47bc4e0 flushing  nmethod 0x00000208e00ae988
Event: 16501.008 Thread 0x00000208f47bc4e0 flushing  nmethod 0x00000208e00afc08
Event: 16501.008 Thread 0x00000208f47bc4e0 flushing  nmethod 0x00000208e00b0188
Event: 16501.008 Thread 0x00000208f47bc4e0 flushing  nmethod 0x00000208e00c2688
Event: 16501.008 Thread 0x00000208f47bc4e0 flushing  nmethod 0x00000208e00c3288
Event: 16501.008 Thread 0x00000208f47bc4e0 flushing  nmethod 0x00000208e00c4a88
Event: 16501.008 Thread 0x00000208f47bc4e0 flushing  nmethod 0x00000208e00c6c88
Event: 16501.008 Thread 0x00000208f47bc4e0 flushing  nmethod 0x00000208e00c7e88
Event: 16501.008 Thread 0x00000208f47bc4e0 flushing  nmethod 0x00000208e00c8d88
Event: 16501.008 Thread 0x00000208f47bc4e0 flushing  nmethod 0x00000208e00c9488
Event: 16501.008 Thread 0x00000208f47bc4e0 flushing  nmethod 0x00000208e00c9b88
Event: 16501.008 Thread 0x00000208f47bc4e0 flushing  nmethod 0x00000208e00ca408
Event: 16501.008 Thread 0x00000208f47bc4e0 flushing  nmethod 0x00000208e00caa08
Event: 16501.008 Thread 0x00000208f47bc4e0 flushing  nmethod 0x00000208e00cb108
Event: 16501.008 Thread 0x00000208f47bc4e0 flushing  nmethod 0x00000208e012c688
Event: 16501.008 Thread 0x00000208f47bc4e0 flushing  nmethod 0x00000208e013eb88
Event: 16501.008 Thread 0x00000208f47bc4e0 flushing  nmethod 0x00000208e0143108
Event: 16501.008 Thread 0x00000208f47bc4e0 flushing  nmethod 0x00000208e0155088
Event: 16501.008 Thread 0x00000208f47bc4e0 flushing  nmethod 0x00000208e0155808

Events (20 events):
Event: 15406.733 Thread 0x00000208f9651570 Thread exited: 0x00000208f9651570
Event: 15406.733 Thread 0x00000208f9652590 Thread exited: 0x00000208f9652590
Event: 15411.361 Thread 0x00000208f47ebde0 Thread added: 0x00000208f9651570
Event: 15413.551 Thread 0x00000208f9651570 Thread exited: 0x00000208f9651570
Event: 15413.592 Thread 0x00000208f47ebde0 Thread added: 0x00000208f9651570
Event: 15414.813 Thread 0x00000208f9651570 Thread exited: 0x00000208f9651570
Event: 15415.802 Thread 0x00000208f47df140 Thread added: 0x00000208f9651570
Event: 15415.976 Thread 0x00000208f47ebde0 Thread added: 0x00000208f964c4d0
Event: 15417.064 Thread 0x00000208f9651570 Thread exited: 0x00000208f9651570
Event: 15417.064 Thread 0x00000208f964c4d0 Thread exited: 0x00000208f964c4d0
Event: 15424.932 Thread 0x00000208f47ebde0 Thread added: 0x00000208f9657540
Event: 15424.957 Thread 0x00000208f9657540 Thread added: 0x00000208f9655500
Event: 15432.872 Thread 0x00000208f9655500 Thread exited: 0x00000208f9655500
Event: 15437.859 Thread 0x00000208f9657540 Thread exited: 0x00000208f9657540
Event: 16500.425 Thread 0x00000208f47ebde0 Thread added: 0x00000208f9657540
Event: 16500.425 Thread 0x00000208f47ebde0 Thread added: 0x00000208f96544e0
Event: 16508.876 Thread 0x00000208f96544e0 Thread exited: 0x00000208f96544e0
Event: 16508.904 Thread 0x00000208f9657540 Thread exited: 0x00000208f9657540
Event: 41522.738 Thread 0x00000208f47df140 Thread added: 0x00000208f9656520
Event: 41527.751 Thread 0x00000208f9656520 Thread exited: 0x00000208f9656520


Dynamic libraries:
0x00007ff61ef00000 - 0x00007ff61ef0e000 	C:\Program Files\Apache NetBeans\jdk\bin\java.exe
0x00007ffcc6130000 - 0x00007ffcc6328000 	C:\WINDOWS\SYSTEM32\ntdll.dll
0x00007ffcc4b40000 - 0x00007ffcc4c02000 	C:\WINDOWS\System32\KERNEL32.DLL
0x00007ffcc3950000 - 0x00007ffcc3c46000 	C:\WINDOWS\System32\KERNELBASE.dll
0x00007ffcc3850000 - 0x00007ffcc3950000 	C:\WINDOWS\System32\ucrtbase.dll
0x00007ffcc0a40000 - 0x00007ffcc0a5e000 	C:\Program Files\Apache NetBeans\jdk\bin\VCRUNTIME140.dll
0x00007ffcbe770000 - 0x00007ffcbe786000 	C:\Program Files\Apache NetBeans\jdk\bin\jli.dll
0x00007ffcc5f50000 - 0x00007ffcc60ed000 	C:\WINDOWS\System32\USER32.dll
0x00007ffcc3d20000 - 0x00007ffcc3d42000 	C:\WINDOWS\System32\win32u.dll
0x00007ffca7e90000 - 0x00007ffca812a000 	C:\WINDOWS\WinSxS\amd64_microsoft.windows.common-controls_6595b64144ccf1df_6.0.19041.5915_none_60b4b9d171f9c7c7\COMCTL32.dll
0x00007ffcc5de0000 - 0x00007ffcc5e0b000 	C:\WINDOWS\System32\GDI32.dll
0x00007ffcc3f60000 - 0x00007ffcc4079000 	C:\WINDOWS\System32\gdi32full.dll
0x00007ffcc4150000 - 0x00007ffcc41ee000 	C:\WINDOWS\System32\msvcrt.dll
0x00007ffcc4080000 - 0x00007ffcc411d000 	C:\WINDOWS\System32\msvcp_win.dll
0x00007ffcc4370000 - 0x00007ffcc439f000 	C:\WINDOWS\System32\IMM32.DLL
0x00007ffcc0a30000 - 0x00007ffcc0a3c000 	C:\Program Files\Apache NetBeans\jdk\bin\vcruntime140_1.dll
0x00007ffc861e0000 - 0x00007ffc8626d000 	C:\Program Files\Apache NetBeans\jdk\bin\msvcp140.dll
0x00007ffc68c10000 - 0x00007ffc69b36000 	C:\Program Files\Apache NetBeans\jdk\bin\server\jvm.dll
0x00007ffcc5e80000 - 0x00007ffcc5f31000 	C:\WINDOWS\System32\ADVAPI32.dll
0x00007ffcc57f0000 - 0x00007ffcc588f000 	C:\WINDOWS\System32\sechost.dll
0x00007ffcc4870000 - 0x00007ffcc4993000 	C:\WINDOWS\System32\RPCRT4.dll
0x00007ffcc4120000 - 0x00007ffcc4147000 	C:\WINDOWS\System32\bcrypt.dll
0x00007ffcc5e10000 - 0x00007ffcc5e7b000 	C:\WINDOWS\System32\WS2_32.dll
0x00007ffcc2d50000 - 0x00007ffcc2d9b000 	C:\WINDOWS\SYSTEM32\POWRPROF.dll
0x00007ffcaf080000 - 0x00007ffcaf0a7000 	C:\WINDOWS\SYSTEM32\WINMM.dll
0x00007ffcbe900000 - 0x00007ffcbe90a000 	C:\WINDOWS\SYSTEM32\VERSION.dll
0x00007ffcc2bc0000 - 0x00007ffcc2bd2000 	C:\WINDOWS\SYSTEM32\UMPDC.dll
0x00007ffcc1fe0000 - 0x00007ffcc1ff2000 	C:\WINDOWS\SYSTEM32\kernel.appcore.dll
0x00007ffcbf3c0000 - 0x00007ffcbf3ca000 	C:\Program Files\Apache NetBeans\jdk\bin\jimage.dll
0x00007ffcc13d0000 - 0x00007ffcc15d1000 	C:\WINDOWS\SYSTEM32\DBGHELP.DLL
0x00007ffca68e0000 - 0x00007ffca6914000 	C:\WINDOWS\SYSTEM32\dbgcore.DLL
0x00007ffcc37c0000 - 0x00007ffcc3842000 	C:\WINDOWS\System32\bcryptPrimitives.dll
0x00007ffcbeaa0000 - 0x00007ffcbeabe000 	C:\Program Files\Apache NetBeans\jdk\bin\java.dll
0x00007ffcc4a10000 - 0x00007ffcc4b3b000 	C:\WINDOWS\System32\ole32.dll
0x00007ffcc5a80000 - 0x00007ffcc5dd3000 	C:\WINDOWS\System32\combase.dll
0x00007ffcc5080000 - 0x00007ffcc57ee000 	C:\WINDOWS\System32\SHELL32.dll
0x00007ffcc1820000 - 0x00007ffcc1fc4000 	C:\WINDOWS\SYSTEM32\windows.storage.dll
0x00007ffcc31f0000 - 0x00007ffcc321b000 	C:\WINDOWS\SYSTEM32\Wldp.dll
0x00007ffcc59a0000 - 0x00007ffcc5a6d000 	C:\WINDOWS\System32\OLEAUT32.dll
0x00007ffcc47a0000 - 0x00007ffcc484d000 	C:\WINDOWS\System32\SHCORE.dll
0x00007ffcc4480000 - 0x00007ffcc44db000 	C:\WINDOWS\System32\shlwapi.dll
0x00007ffcc36f0000 - 0x00007ffcc3715000 	C:\WINDOWS\SYSTEM32\profapi.dll
0x00007ffc6a740000 - 0x00007ffc6a8c0000 	C:\Program Files\Apache NetBeans\jdk\bin\awt.dll
0x00007ffcbe830000 - 0x00007ffcbe8c4000 	C:\WINDOWS\SYSTEM32\apphelp.dll
0x00007ffcc0cd0000 - 0x00007ffcc0d6e000 	C:\WINDOWS\system32\uxtheme.dll
0x00007ffcc4250000 - 0x00007ffcc4365000 	C:\WINDOWS\System32\MSCTF.dll
0x00007ffcc0f80000 - 0x00007ffcc0faf000 	C:\WINDOWS\system32\DWMAPI.DLL
0x00007ffc92110000 - 0x00007ffc92238000 	C:\WINDOWS\system32\opengl32.dll
0x00007ffc920a0000 - 0x00007ffc920cc000 	C:\WINDOWS\SYSTEM32\GLU32.dll
0x00007ffcbee90000 - 0x00007ffcbee99000 	C:\Program Files\Apache NetBeans\jdk\bin\prefs.dll
0x00007ffc84450000 - 0x00007ffc844d7000 	C:\Program Files\Apache NetBeans\jdk\bin\freetype.dll
0x00007ffc7eef0000 - 0x00007ffc7efdf000 	C:\Program Files\Apache NetBeans\jdk\bin\fontmanager.dll
0x00007ffcc4540000 - 0x00007ffcc45e9000 	C:\WINDOWS\System32\clbcatq.dll
0x00007ffcc0a80000 - 0x00007ffcc0c34000 	C:\WINDOWS\SYSTEM32\WindowsCodecs.dll
0x00007ffc90f50000 - 0x00007ffc90f8e000 	C:\WINDOWS\system32\dataexchange.dll
0x00007ffcbd4e0000 - 0x00007ffcbd6c4000 	C:\WINDOWS\system32\dcomp.dll
0x00007ffcbca00000 - 0x00007ffcbcc64000 	C:\WINDOWS\system32\d3d11.dll
0x00007ffcc2050000 - 0x00007ffcc2146000 	C:\WINDOWS\system32\dxgi.dll
0x00007ffcbafb0000 - 0x00007ffcbb1b3000 	C:\WINDOWS\system32\twinapi.appcore.dll
0x00007ffca6f60000 - 0x00007ffca6f71000 	C:\Program Files\Apache NetBeans\jdk\bin\net.dll
0x00007ffcc2f50000 - 0x00007ffcc2fba000 	C:\WINDOWS\system32\mswsock.dll
0x00007ffca6c00000 - 0x00007ffca6c16000 	C:\Program Files\Apache NetBeans\jdk\bin\nio.dll
0x00007ffcb6570000 - 0x00007ffcb6669000 	C:\WINDOWS\SYSTEM32\textinputframework.dll
0x00007ffcbe3c0000 - 0x00007ffcbe4b2000 	C:\WINDOWS\System32\CoreMessaging.dll
0x00007ffcbd7d0000 - 0x00007ffcbdb2b000 	C:\WINDOWS\System32\CoreUIComponents.dll
0x00007ffcbfc60000 - 0x00007ffcbfdb7000 	C:\WINDOWS\SYSTEM32\wintypes.dll
0x00007ffcc2a50000 - 0x00007ffcc2a83000 	C:\WINDOWS\SYSTEM32\ntmarta.dll
0x00007ffcb6040000 - 0x00007ffcb6057000 	C:\Program Files\Apache NetBeans\jdk\bin\zip.dll
0x00007ffcc3140000 - 0x00007ffcc3158000 	C:\WINDOWS\SYSTEM32\CRYPTSP.dll
0x00007ffcc2800000 - 0x00007ffcc2838000 	C:\WINDOWS\system32\rsaenh.dll
0x00007ffcc36b0000 - 0x00007ffcc36de000 	C:\WINDOWS\SYSTEM32\USERENV.dll
0x00007ffcc3160000 - 0x00007ffcc316c000 	C:\WINDOWS\SYSTEM32\CRYPTBASE.dll
0x00007ffcc2be0000 - 0x00007ffcc2c1b000 	C:\WINDOWS\SYSTEM32\IPHLPAPI.DLL
0x00007ffcc5f40000 - 0x00007ffcc5f48000 	C:\WINDOWS\System32\NSI.dll
0x00007ffcbbd40000 - 0x00007ffcbbd49000 	C:\Program Files\Apache NetBeans\jdk\bin\syslookup.dll
0x00007ffca6a00000 - 0x00007ffca6aac000 	C:\WINDOWS\SYSTEM32\TextShaping.dll

JVMTI agents: none

dbghelp: loaded successfully - version: 4.0.5 - missing functions: none
symbol engine: initialized successfully - sym options: 0x614 - pdb path: .;C:\Program Files\Apache NetBeans\jdk\bin;C:\WINDOWS\SYSTEM32;C:\WINDOWS\WinSxS\amd64_microsoft.windows.common-controls_6595b64144ccf1df_6.0.19041.5915_none_60b4b9d171f9c7c7;C:\Program Files\Apache NetBeans\jdk\bin\server

VM Arguments:
java_command: wv.codeclip.CodeClip
java_class_path (initial): C:\Users\SC\Documents\NetBeansProjects\CodeClip\target\classes
Launcher Type: SUN_STANDARD

[Global flags]
     intx CICompilerCount                          = 4                                         {product} {ergonomic}
     uint ConcGCThreads                            = 2                                         {product} {ergonomic}
     uint G1ConcRefinementThreads                  = 8                                         {product} {ergonomic}
   size_t G1HeapRegionSize                         = 2097152                                   {product} {ergonomic}
   size_t InitialHeapSize                          = 199229440                                 {product} {ergonomic}
   size_t MarkStackSize                            = 4194304                                   {product} {ergonomic}
   size_t MarkStackSizeMax                         = 536870912                                 {product} {ergonomic}
   size_t MaxHeapSize                              = 3170893824                                {product} {ergonomic}
   size_t MaxNewSize                               = 1902116864                                {product} {ergonomic}
   size_t MinHeapDeltaBytes                        = 2097152                                   {product} {ergonomic}
   size_t MinHeapSize                              = 8388608                                   {product} {ergonomic}
    uintx NonNMethodCodeHeapSize                   = 5832704                                {pd product} {ergonomic}
    uintx NonProfiledCodeHeapSize                  = 122945536                              {pd product} {ergonomic}
    uintx ProfiledCodeHeapSize                     = 122880000                              {pd product} {ergonomic}
    uintx ReservedCodeCacheSize                    = 251658240                              {pd product} {ergonomic}
     bool SegmentedCodeCache                       = true                                      {product} {ergonomic}
   size_t SoftMaxHeapSize                          = 3170893824                             {manageable} {ergonomic}
     bool UseCompressedOops                        = true                           {product lp64_product} {ergonomic}
     bool UseG1GC                                  = true                                      {product} {ergonomic}
     bool UseLargePagesIndividualAllocation        = false                                  {pd product} {ergonomic}

Logging:
Log output configuration:
 #0: stdout all=warning uptime,level,tags foldmultilines=false
 #1: stderr all=off uptime,level,tags foldmultilines=false

Release file:
IMPLEMENTOR="Eclipse Adoptium" 
IMPLEMENTOR_VERSION="Temurin-25.0.1+8" 
JAVA_RUNTIME_VERSION="25.0.1+8-LTS" 
JAVA_VERSION="25.0.1" 
JAVA_VERSION_DATE="2025-10-21" 
LIBC="default" 
MODULES="java.base java.compiler java.datatransfer java.xml java.prefs java.desktop java.instrument java.logging java.management java.security.sasl java.naming java.rmi java.management.rmi java.net.http java.scripting java.security.jgss java.transaction.xa java.sql java.sql.rowset java.xml.crypto java.se java.smartcardio jdk.accessibility jdk.internal.jvmstat jdk.attach jdk.charsets jdk.internal.opt jdk.zipfs jdk.compiler jdk.crypto.cryptoki jdk.crypto.ec jdk.crypto.mscapi jdk.dynalink jdk.internal.ed jdk.editpad jdk.internal.vm.ci jdk.graal.compiler jdk.graal.compiler.management jdk.hotspot.agent jdk.httpserver jdk.incubator.vector jdk.internal.le jdk.internal.md jdk.jartool jdk.javadoc jdk.jcmd jdk.management jdk.management.agent jdk.jconsole jdk.jdeps jdk.jdwp.agent jdk.jdi jdk.jfr jdk.jlink jdk.jpackage jdk.jshell jdk.jsobject jdk.jstatd jdk.localedata jdk.management.jfr jdk.naming.dns jdk.naming.rmi jdk.net jdk.nio.mapmode jdk.sctp jdk.security.auth jdk.security.jgss jdk.unsupported jdk.unsupported.desktop jdk.xml.dom" 
OS_ARCH="x86_64" 
OS_NAME="Windows" 
SOURCE=".:git:61d6a2c1b35e" 
BUILD_SOURCE="git:839fa0b45d809157cffd3dc8515aad262a4a1776"
BUILD_SOURCE_REPO="https://github.com/adoptium/temurin-build.git"
SOURCE_REPO="https://github.com/adoptium/jdk25u.git"
FULL_VERSION="25.0.1+8-LTS"
SEMANTIC_VERSION="25.0.1+8"
BUILD_INFO="OS: Windows Server 2022 Version: 10.0"
JVM_VARIANT="Hotspot"
JVM_VERSION="25.0.1+8-LTS"
IMAGE_TYPE="JDK"

Environment Variables:
JAVA_HOME=C:\Program Files\Apache NetBeans\jdk
PATH=C:\Program Files (x86)\Common Files\Oracle\Java\java8path;C:\Program Files (x86)\Common Files\Oracle\Java\javapath;C:\WINDOWS\system32;C:\WINDOWS;C:\WINDOWS\System32\Wbem;C:\WINDOWS\System32\WindowsPowerShell\v1.0\;C:\WINDOWS\System32\OpenSSH\;C:\Program Files\dotnet\;C:\Program Files\NVIDIA Corporation\NVIDIA App\NvDLISR;C:\Program Files (x86)\NVIDIA Corporation\PhysX\Common;C:\Users\SC\AppData\Local\Programs\Python\Launcher\;C:\Users\SC\AppData\Local\Microsoft\WindowsApps;
USERNAME=SC
OS=Windows_NT
PROCESSOR_IDENTIFIER=Intel64 Family 6 Model 142 Stepping 12, GenuineIntel
TMP=C:\Users\SC\AppData\Local\Temp
TEMP=C:\Users\SC\AppData\Local\Temp




Compilation memory statistics disabled.

Periodic native trim disabled

---------------  S Y S T E M  ---------------

OS:
 Windows 10 , 64 bit Build 19041 (10.0.19041.5915)
OS uptime: 63 days 9:25 hours

CPU: total 8 (initial active 8) (4 cores per cpu, 2 threads per core) family 6 model 142 stepping 12 microcode 0xde, cx8, cmov, fxsr, ht, mmx, 3dnowpref, sse, sse2, sse3, ssse3, sse4.1, sse4.2, popcnt, lzcnt, tsc, tscinvbit, avx, avx2, aes, erms, clmul, bmi1, bmi2, adx, fma, vzeroupper, clflush, clflushopt, rdtscp, f16c
Processor Information for the first 8 processors :
  Max Mhz: 2112, Current Mhz: 1609, Mhz Limit: 1605

Memory: 4k page, system-wide physical 12091M (5334M free)
TotalPageFile size 33876M (AvailPageFile size 8M)
current process WorkingSet (physical memory assigned to process): 66M, peak: 460M
current process commit charge ("private bytes"): 492M, peak: 539M

vm_info: OpenJDK 64-Bit Server VM (25.0.1+8-LTS) for windows-amd64 JRE (25.0.1+8-LTS), built on 2025-10-21T00:00:00Z with unknown MS VC++:1942

END.
